ARM Linker, 5.03 [Build 76] [MDK-ARM Lite]

==============================================================================

Section Cross References

    startup_lpc17xx.o(STACK) refers (Special) to heapauxi.o(.text) for __use_two_region_memory
    startup_lpc17xx.o(HEAP) refers (Special) to heapauxi.o(.text) for __use_two_region_memory
    startup_lpc17xx.o(RESET) refers (Special) to heapauxi.o(.text) for __use_two_region_memory
    startup_lpc17xx.o(RESET) refers to startup_lpc17xx.o(STACK) for __initial_sp
    startup_lpc17xx.o(RESET) refers to startup_lpc17xx.o(.text) for Reset_Handler
    startup_lpc17xx.o(RESET) refers to timer.o(.text) for TIMER2_IRQHandler
    startup_lpc17xx.o(RESET) refers to uart.o(.text) for UART0_IRQHandler
    startup_lpc17xx.o(.ARM.__at_0x02FC) refers (Special) to heapauxi.o(.text) for __use_two_region_memory
    startup_lpc17xx.o(.text) refers (Special) to heapauxi.o(.text) for __use_two_region_memory
    startup_lpc17xx.o(.text) refers to system_lpc17xx.o(.text) for SystemInit
    startup_lpc17xx.o(.text) refers to __main.o(!!!main) for __main
    startup_lpc17xx.o(.text) refers to startup_lpc17xx.o(HEAP) for Heap_Mem
    startup_lpc17xx.o(.text) refers to startup_lpc17xx.o(STACK) for Stack_Mem
    system_lpc17xx.o(.text) refers to lludivv7m.o(.text) for __aeabi_uldivmod
    system_lpc17xx.o(.text) refers to system_lpc17xx.o(.data) for .data
    main.o(.text) refers to _printf_pad.o(.text) for _printf_pre_padding
    main.o(.text) refers to _printf_percent.o(.ARM.Collect$$_printf_percent$$00000000) for _printf_percent
    main.o(.text) refers to _printf_d.o(.ARM.Collect$$_printf_percent$$00000009) for _printf_d
    main.o(.text) refers to _printf_dec.o(.text) for _printf_int_dec
    main.o(.text) refers to _printf_s.o(.ARM.Collect$$_printf_percent$$00000014) for _printf_s
    main.o(.text) refers to _printf_str.o(.text) for _printf_str
    main.o(.text) refers to wdt.o(.text) for Wdt_config
    main.o(.text) refers to timer.o(.text) for Timer0_init
    main.o(.text) refers to lcd.o(.text) for LcdInit
    main.o(.text) refers to gpio.o(.text) for GPIO_init
    main.o(.text) refers to uart.o(.text) for UART_init
    main.o(.text) refers to rs485.o(.text) for RS485_io_conf
    main.o(.text) refers to sim900.o(.text) for Sim900_io_conf
    main.o(.text) refers to noretval__2sprintf.o(.text) for __2sprintf
    main.o(.text) refers to application.o(.text) for Solicita_credito
    main.o(.text) refers to strlen.o(.text) for strlen
    main.o(.text) refers to comandos_dados_sensor.o(.text) for Send485_cmd
    main.o(.text) refers to rs485.o(.data) for _devCount
    main.o(.text) refers to rs485.o(.bss) for _devAdd
    main.o(.text) refers to application.o(.bss) for _strCredito
    main.o(.text) refers to comandos_dados_sensor.o(.data) for _NH3
    main.o(.text) refers to main.o(.constdata) for .constdata
    gpio.o(.text) refers to gpio.o(.constdata) for .constdata
    uart.o(.text) refers to rs485.o(.text) for DE_485
    uart.o(.text) refers to timer.o(.text) for delay_ms
    uart.o(.text) refers to uart.o(.bss) for .bss
    uart.o(.text) refers to uart.o(.data) for .data
    uart.o(.text) refers to system_lpc17xx.o(.data) for SystemCoreClock
    timer.o(.text) refers to system_lpc17xx.o(.data) for SystemCoreClock
    sim900.o(.text) refers to gpio.o(.text) for GPIO_set_dir
    sim900.o(.text) refers to rt_memclr.o(.text) for __aeabi_memclr
    sim900.o(.text) refers to strlen.o(.text) for strlen
    sim900.o(.text) refers to uart.o(.text) for UART_send
    sim900.o(.text) refers to timer.o(.text) for delay_ms
    sim900.o(.text) refers to lcd.o(.text) for LcdGotoXy
    sim900.o(.text) refers to uart.o(.data) for _UART1Count
    sim900.o(.text) refers to uart.o(.bss) for _UART1Buffer
    sim900.o(.text) refers to sim900.o(.data) for .data
    application.o(.text) refers to _printf_percent.o(.ARM.Collect$$_printf_percent$$00000000) for _printf_percent
    application.o(.text) refers to _printf_d.o(.ARM.Collect$$_printf_percent$$00000009) for _printf_d
    application.o(.text) refers to _printf_dec.o(.text) for _printf_int_dec
    application.o(.text) refers to _printf_s.o(.ARM.Collect$$_printf_percent$$00000014) for _printf_s
    application.o(.text) refers to _printf_str.o(.text) for _printf_str
    application.o(.text) refers to lcd.o(.text) for LcdGotoXy
    application.o(.text) refers to timer.o(.text) for delay_ms
    application.o(.text) refers to sim900.o(.text) for Sim900_send_cmd
    application.o(.text) refers to noretval__2sprintf.o(.text) for __2sprintf
    application.o(.text) refers to rt_memclr.o(.text) for __aeabi_memclr
    application.o(.text) refers to rs485.o(.text) for Send485_string
    application.o(.text) refers to strlen.o(.text) for strlen
    application.o(.text) refers to uart.o(.text) for UART_send
    application.o(.text) refers to application.o(.bss) for .bss
[...]
    dunder.o(i.__mathlib_dbl_underflow) refers to scalbn.o(x$fpl$scalbn) for __ARM_scalbn
    fpclassify.o(i.__ARM_fpclassify) refers (Special) to usenofp.o(x$fpl$usenofp) for __I$use$fp
    poly.o(i.__kernel_poly) refers (Special) to usenofp.o(x$fpl$usenofp) for __I$use$fp
    poly.o(i.__kernel_poly) refers to dmul.o(x$fpl$dmul) for __aeabi_dmul
    poly.o(i.__kernel_poly) refers to daddsub_clz.o(x$fpl$dadd) for __aeabi_dadd
    qnan.o(.constdata) refers (Special) to usenofp.o(x$fpl$usenofp) for __I$use$fp
    sqrt.o(i.__softfp_sqrt) refers (Special) to usenofp.o(x$fpl$usenofp) for __I$use$fp
    sqrt.o(i.__softfp_sqrt) refers to dsqrt_noumaal.o(x$fpl$dsqrt) for _dsqrt
    sqrt.o(i.__softfp_sqrt) refers to _rserrno.o(.text) for __set_errno
    sqrt.o(i.sqrt) refers (Special) to usenofp.o(x$fpl$usenofp) for __I$use$fp
    sqrt.o(i.sqrt) refers to dsqrt_noumaal.o(x$fpl$dsqrt) for _dsqrt
    sqrt.o(i.sqrt) refers to _rserrno.o(.text) for __set_errno
    sqrt_x.o(i.____softfp_sqrt$lsc) refers (Special) to usenofp.o(x$fpl$usenofp) for __I$use$fp
    sqrt_x.o(i.____softfp_sqrt$lsc) refers to dleqf.o(x$fpl$dleqf) for __aeabi_cdcmple
    sqrt_x.o(i.____softfp_sqrt$lsc) refers to _rserrno.o(.text) for __set_errno
    sqrt_x.o(i.____softfp_sqrt$lsc) refers to dsqrt_noumaal.o(x$fpl$dsqrt) for _dsqrt
    sqrt_x.o(i.__sqrt$lsc) refers (Special) to usenofp.o(x$fpl$usenofp) for __I$use$fp
    sqrt_x.o(i.__sqrt$lsc) refers to dleqf.o(x$fpl$dleqf) for __aeabi_cdcmple
    sqrt_x.o(i.__sqrt$lsc) refers to _rserrno.o(.text) for __set_errno
    sqrt_x.o(i.__sqrt$lsc) refers to dsqrt_noumaal.o(x$fpl$dsqrt) for _dsqrt
    rtentry2.o(.ARM.Collect$$rtentry$$00000008) refers to boardinit2.o(.text) for _platform_post_stackheap_init
    rtentry2.o(.ARM.Collect$$rtentry$$0000000A) refers to libinit.o(.ARM.Collect$$libinit$$00000000) for __rt_lib_init
    rtentry2.o(.ARM.Collect$$rtentry$$0000000B) refers to boardinit3.o(.text) for _platform_post_lib_init
    rtentry2.o(.ARM.Collect$$rtentry$$0000000D) refers to main.o(.text) for main
    rtentry2.o(.ARM.Collect$$rtentry$$0000000D) refers to exit.o(.text) for exit
    rtentry2.o(.ARM.exidx) refers to rtentry2.o(.ARM.Collect$$rtentry$$00000001) for .ARM.Collect$$rtentry$$00000001
    rtentry2.o(.ARM.exidx) refers to rtentry2.o(.ARM.Collect$$rtentry$$00000008) for .ARM.Collect$$rtentry$$00000008
    rtentry2.o(.ARM.exidx) refers to rtentry2.o(.ARM.Collect$$rtentry$$0000000A) for .ARM.Collect$$rtentry$$0000000A
    rtentry2.o(.ARM.exidx) refers to rtentry2.o(.ARM.Collect$$rtentry$$0000000B) for .ARM.Collect$$rtentry$$0000000B
    rtentry2.o(.ARM.exidx) refers to rtentry2.o(.ARM.Collect$$rtentry$$0000000D) for .ARM.Collect$$rtentry$$0000000D
    rtentry4.o(.ARM.Collect$$rtentry$$00000004) refers to sys_stackheap_outer.o(.text) for __user_setup_stackheap
    rtentry4.o(.ARM.exidx) refers to rtentry4.o(.ARM.Collect$$rtentry$$00000004) for .ARM.Collect$$rtentry$$00000004
    rt_div0.o(.text) refers to defsig_fpe_outer.o(.text) for __rt_SIGFPE
    rt_errno_addr.o(.text) refers to rt_errno_addr.o(.bss) for __aeabi_errno_addr_data
    rt_errno_addr_intlibspace.o(.text) refers to libspace.o(.bss) for __libspace_start
    dcheck1.o(x$fpl$dcheck1) refers (Special) to usenofp.o(x$fpl$usenofp) for __I$use$fp
    dcheck1.o(x$fpl$dcheck1) refers to retnan.o(x$fpl$retnan) for __fpl_return_NaN
    dleqf.o(x$fpl$dleqf) refers (Special) to usenofp.o(x$fpl$usenofp) for __I$use$fp
    dleqf.o(x$fpl$dleqf) refers to dnaninf.o(x$fpl$dnaninf) for __fpl_dnaninf
    dleqf.o(x$fpl$dleqf) refers to dcmpi.o(x$fpl$dcmpinf) for __fpl_dcmp_Inf
    dsqrt_noumaal.o(x$fpl$dsqrt) refers (Special) to usenofp.o(x$fpl$usenofp) for __I$use$fp
    dsqrt_noumaal.o(x$fpl$dsqrt) refers to dnaninf.o(x$fpl$dnaninf) for __fpl_dnaninf
    libspace.o(.text) refers to libspace.o(.bss) for __libspace_start
    sys_stackheap_outer.o(.text) refers to libspace.o(.text) for __user_perproc_libspace
    sys_stackheap_outer.o(.text) refers to startup_lpc17xx.o(.text) for __user_initial_stackheap
    exit.o(.text) refers to rtexit.o(.ARM.Collect$$rtexit$$00000000) for __rt_exit
    defsig_fpe_outer.o(.text) refers to defsig_fpe_inner.o(.text) for __rt_SIGFPE_inner
    defsig_fpe_outer.o(.text) refers to defsig_exit.o(.text) for __sig_exit
    defsig_fpe_formal.o(.text) refers to rt_raise.o(.text) for __rt_raise
    libinit.o(.ARM.Collect$$libinit$$00000000) refers (Special) to libinit2.o(.ARM.Collect$$libinit$$0000002C) for __rt_lib_init_alloca_1
    libinit.o(.ARM.Collect$$libinit$$00000000) refers (Special) to libinit2.o(.ARM.Collect$$libinit$$0000002A) for __rt_lib_init_argv_1
    libinit.o(.ARM.Collect$$libinit$$00000000) refers (Special) to libinit2.o(.ARM.Collect$$libinit$$00000019) for __rt_lib_init_atexit_1
    libinit.o(.ARM.Collect$$libinit$$00000000) refers (Special) to libinit2.o(.ARM.Collect$$libinit$$0000001F) for __rt_lib_init_clock_1
    libinit.o(.ARM.Collect$$libinit$$00000000) refers (Special) to libinit2.o(.ARM.Collect$$libinit$$00000030) for __rt_lib_init_cpp_1
    libinit.o(.ARM.Collect$$libinit$$00000000) refers (Special) to libinit2.o(.ARM.Collect$$libinit$$0000002E) for __rt_lib_init_exceptions_1
    libinit.o(.ARM.Collect$$libinit$$00000000) refers (Special) to libinit2.o(.ARM.Collect$$libinit$$00000002) for __rt_lib_init_fp_1
    libinit.o(.ARM.Collect$$libinit$$00000000) refers (Special) to libinit2.o(.ARM.Collect$$libinit$$0000001D) for __rt_lib_init_fp_trap_1
    libinit.o(.ARM.Collect$$libinit$$00000000) refers (Special) to libinit2.o(.ARM.Collect$$libinit$$00000021) for __rt_lib_init_getenv_1
    libinit.o(.ARM.Collect$$libinit$$00000000) refers (Special) to libinit2.o(.ARM.Collect$$libinit$$00000008) for __rt_lib_init_heap_1
    libinit.o(.ARM.Collect$$libinit$$00000000) refers (Special) to libinit2.o(.ARM.Collect$$libinit$$0000000F) for __rt_lib_init_lc_collate_1
    libinit.o(.ARM.Collect$$libinit$$00000000) refers (Special) to libinit2.o(.ARM.Collect$$libinit$$00000011) for __rt_lib_init_lc_ctype_1
    libinit.o(.ARM.Collect$$libinit$$00000000) refers (Special) to libinit2.o(.ARM.Collect$$libinit$$00000013) for __rt_lib_init_lc_monetary_1
    libinit.o(.ARM.Collect$$libinit$$00000000) refers (Special) to libinit2.o(.ARM.Collect$$libinit$$00000015) for __rt_lib_init_lc_numeric_1
    libinit.o(.ARM.Collect$$libinit$$00000000) refers (Special) to libinit2.o(.ARM.Collect$$libinit$$00000017) for __rt_lib_init_lc_time_1
    libinit.o(.ARM.Collect$$libinit$$00000000) refers (Special) to libinit2.o(.ARM.Collect$$libinit$$0000000C) for __rt_lib_init_rand_1
    libinit.o(.ARM.Collect$$libinit$$00000000) refers (Special) to libinit2.o(.ARM.Collect$$libinit$$00000031) for __rt_lib_init_return
    libinit.o(.ARM.Collect$$libinit$$00000000) refers (Special) to libinit2.o(.ARM.Collect$$libinit$$0000001B) for __rt_lib_init_signal_1
    libinit.o(.ARM.Collect$$libinit$$00000000) refers (Special) to libinit2.o(.ARM.Collect$$libinit$$00000023) for __rt_lib_init_stdio_1
    libinit.o(.ARM.Collect$$libinit$$00000000) refers (Special) to libinit2.o(.ARM.Collect$$libinit$$0000000A) for __rt_lib_init_user_alloc_1
    dcmpi.o(x$fpl$dcmpinf) refers (Special) to usenofp.o(x$fpl$usenofp) for __I$use$fp
    retnan.o(x$fpl$retnan) refers (Special) to usenofp.o(x$fpl$usenofp) for __I$use$fp
    retnan.o(x$fpl$retnan) refers to trapv.o(x$fpl$trapveneer) for __fpl_cmpreturn
    rtexit.o(.ARM.Collect$$rtexit$$00000000) refers (Special) to rtexit2.o(.ARM.Collect$$rtexit$$00000004) for __rt_exit_exit
    rtexit.o(.ARM.Collect$$rtexit$$00000000) refers (Special) to rtexit2.o(.ARM.Collect$$rtexit$$00000003) for __rt_exit_ls
    rtexit.o(.ARM.Collect$$rtexit$$00000000) refers (Special) to rtexit2.o(.ARM.Collect$$rtexit$$00000002) for __rt_exit_prels_1
    rtexit.o(.ARM.exidx) refers (Special) to rtexit2.o(.ARM.Collect$$rtexit$$00000004) for __rt_exit_exit
    rtexit.o(.ARM.exidx) refers (Special) to rtexit2.o(.ARM.Collect$$rtexit$$00000003) for __rt_exit_ls
    rtexit.o(.ARM.exidx) refers (Special) to rtexit2.o(.ARM.Collect$$rtexit$$00000002) for __rt_exit_prels_1
    rtexit.o(.ARM.exidx) refers to rtexit.o(.ARM.Collect$$rtexit$$00000000) for .ARM.Collect$$rtexit$$00000000
    rt_raise.o(.text) refers to __raise.o(.text) for __raise
    rt_raise.o(.text) refers to sys_exit.o(.text) for _sys_exit
    defsig_exit.o(.text) refers to sys_exit.o(.text) for _sys_exit
    defsig_fpe_inner.o(.text) refers to defsig_general.o(.text) for __default_signal_display
    libinit2.o(.ARM.Collect$$libinit$$0000000E) refers to libinit2.o(.ARM.Collect$$libinit$$0000000D) for .ARM.Collect$$libinit$$0000000D
    libinit2.o(.ARM.Collect$$libinit$$00000010) refers to libinit2.o(.ARM.Collect$$libinit$$0000000D) for .ARM.Collect$$libinit$$0000000D
    libinit2.o(.ARM.Collect$$libinit$$00000012) refers to libinit2.o(.ARM.Collect$$libinit$$0000000D) for .ARM.Collect$$libinit$$0000000D
    libinit2.o(.ARM.Collect$$libinit$$00000014) refers to libinit2.o(.ARM.Collect$$libinit$$0000000D) for .ARM.Collect$$libinit$$0000000D
    libinit2.o(.ARM.Collect$$libinit$$00000016) refers to libinit2.o(.ARM.Collect$$libinit$$0000000D) for .ARM.Collect$$libinit$$0000000D
    libinit2.o(.ARM.Collect$$libinit$$00000024) refers to argv_veneer.o(.emb_text) for __ARM_argv_veneer
    libinit2.o(.ARM.Collect$$libinit$$00000025) refers to argv_veneer.o(.emb_text) for __ARM_argv_veneer
    trapv.o(x$fpl$trapveneer) refers (Special) to usenofp.o(x$fpl$usenofp) for __I$use$fp
    sys_exit.o(.text) refers (Special) to use_no_semi.o(.text) for __I$use$semihosting
    sys_exit.o(.text) refers (Special) to indicate_semi.o(.text) for __semihosting_library_function
    rtexit2.o(.ARM.Collect$$rtexit$$00000003) refers to libshutdown.o(.ARM.Collect$$libshutdown$$00000000) for __rt_lib_shutdown
    rtexit2.o(.ARM.Collect$$rtexit$$00000004) refers to sys_exit.o(.text) for _sys_exit
    rtexit2.o(.ARM.exidx) refers to rtexit2.o(.ARM.Collect$$rtexit$$00000001) for .ARM.Collect$$rtexit$$00000001
    rtexit2.o(.ARM.exidx) refers to rtexit2.o(.ARM.Collect$$rtexit$$00000003) for .ARM.Collect$$rtexit$$00000003
    rtexit2.o(.ARM.exidx) refers to rtexit2.o(.ARM.Collect$$rtexit$$00000004) for .ARM.Collect$$rtexit$$00000004
    __raise.o(.text) refers to defsig.o(CL$$defsig) for __default_signal_handler
    defsig_general.o(.text) refers to sys_wrch.o(.text) for _ttywrch
    argv_veneer.o(.emb_text) refers to no_argv.o(.text) for __ARM_get_argv
    sys_wrch.o(.text) refers (Special) to use_no_semi.o(.text) for __I$use$semihosting
    sys_wrch.o(.text) refers (Special) to indicate_semi.o(.text) for __semihosting_library_function
    defsig.o(CL$$defsig) refers to defsig_fpe_inner.o(.text) for __rt_SIGFPE_inner
    defsig.o(CL$$defsig) refers to defsig_rtmem_inner.o(.text) for __rt_SIGRTMEM_inner
    _get_argv_nomalloc.o(.text) refers (Special) to hrguard.o(.text) for __heap_region$guard
    _get_argv_nomalloc.o(.text) refers to defsig_rtmem_outer.o(.text) for __rt_SIGRTMEM
    _get_argv_nomalloc.o(.text) refers to sys_command.o(.text) for _sys_command_string
    libshutdown.o(.ARM.Collect$$libshutdown$$00000000) refers (Special) to libshutdown2.o(.ARM.Collect$$libshutdown$$00000006) for __rt_lib_shutdown_fp_trap_1
    libshutdown.o(.ARM.Collect$$libshutdown$$00000000) refers (Special) to libshutdown2.o(.ARM.Collect$$libshutdown$$0000000E) for __rt_lib_shutdown_heap_1
    libshutdown.o(.ARM.Collect$$libshutdown$$00000000) refers (Special) to libshutdown2.o(.ARM.Collect$$libshutdown$$0000000F) for __rt_lib_shutdown_return
    libshutdown.o(.ARM.Collect$$libshutdown$$00000000) refers (Special) to libshutdown2.o(.ARM.Collect$$libshutdown$$00000009) for __rt_lib_shutdown_signal_1
    libshutdown.o(.ARM.Collect$$libshutdown$$00000000) refers (Special) to libshutdown2.o(.ARM.Collect$$libshutdown$$00000003) for __rt_lib_shutdown_stdio_1
    libshutdown.o(.ARM.Collect$$libshutdown$$00000000) refers (Special) to libshutdown2.o(.ARM.Collect$$libshutdown$$0000000B) for __rt_lib_shutdown_user_alloc_1
    sys_command.o(.text) refers (Special) to use_no_semi.o(.text) for __I$use$semihosting
    sys_command.o(.text) refers (Special) to indicate_semi.o(.text) for __semihosting_library_function
    defsig_abrt_inner.o(.text) refers to defsig_general.o(.text) for __default_signal_display
    defsig_rtred_inner.o(.text) refers to defsig_general.o(.text) for __default_signal_display
    defsig_rtmem_inner.o(.text) refers to defsig_general.o(.text) for __default_signal_display
    defsig_rtmem_outer.o(.text) refers to defsig_rtmem_inner.o(.text) for __rt_SIGRTMEM_inner
    defsig_rtmem_outer.o(.text) refers to defsig_exit.o(.text) for __sig_exit
    defsig_rtmem_formal.o(.text) refers to rt_raise.o(.text) for __rt_raise
    defsig_stak_inner.o(.text) refers to defsig_general.o(.text) for __default_signal_display
    defsig_pvfn_inner.o(.text) refers to defsig_general.o(.text) for __default_signal_display
    defsig_cppl_inner.o(.text) refers to defsig_general.o(.text) for __default_signal_display
    defsig_segv_inner.o(.text) refers to defsig_general.o(.text) for __default_signal_display
    defsig_other.o(.text) refers to defsig_general.o(.text) for __default_signal_display


==============================================================================

Removing Unused input sections from the image.

    Removing system_lpc17xx.o(.rev16_text), (4 bytes).
    Removing system_lpc17xx.o(.revsh_text), (4 bytes).
    Removing main.o(.rev16_text), (4 bytes).
    Removing main.o(.revsh_text), (4 bytes).
    Removing gpio.o(.rev16_text), (4 bytes).
    Removing gpio.o(.revsh_text), (4 bytes).
    Removing uart.o(.rev16_text), (4 bytes).
    Removing uart.o(.revsh_text), (4 bytes).
    Removing wdt.o(.rev16_text), (4 bytes).
    Removing wdt.o(.revsh_text), (4 bytes).
    Removing timer.o(.rev16_text), (4 bytes).
    Removing timer.o(.revsh_text), (4 bytes).
    Removing sim900.o(.rev16_text), (4 bytes).
    Removing sim900.o(.revsh_text), (4 bytes).
    Removing application.o(.rev16_text), (4 bytes).
    Removing application.o(.revsh_text), (4 bytes).
    Removing application.o(.data), (12 bytes).
    Removing rs485.o(.rev16_text), (4 bytes).
    Removing rs485.o(.revsh_text), (4 bytes).
    Removing rs485.o(.data), (2 bytes).
    Removing comandos_dados_sensor.o(.rev16_text), (4 bytes).
    Removing comandos_dados_sensor.o(.revsh_text), (4 bytes).
    Removing lcd.o(.rev16_text), (4 bytes).
    Removing lcd.o(.revsh_text), (4 bytes).

24 unused section(s) (total 102 bytes) removed from the image.

==============================================================================

Image Symbol Table

    Local Symbols

    Symbol Name                              Value     Ov Type        Size  Object(Section)

    RESET                                    0x00000000   Section      204  startup_lpc17xx.o(RESET)
    ../clib/angel/boardlib.s                 0x00000000   Number         0  boardshut.o ABSOLUTE
    ../clib/angel/boardlib.s                 0x00000000   Number         0  boardinit1.o ABSOLUTE
    ../clib/angel/boardlib.s                 0x00000000   Number         0  boardinit3.o ABSOLUTE
    ../clib/angel/boardlib.s                 0x00000000   Number         0  boardinit2.o ABSOLUTE
    ../clib/angel/handlers.s                 0x00000000   Number         0  __scatter_zi.o ABSOLUTE
    ../clib/angel/handlers.s                 0x00000000   Number         0  __scatter_copy.o ABSOLUTE
    ../clib/angel/kernel.s                   0x00000000   Number         0  rtentry.o ABSOLUTE
    ../clib/angel/kernel.s                   0x00000000   Number         0  rtentry2.o ABSOLUTE
    ../clib/angel/kernel.s                   0x00000000   Number         0  rtexit2.o ABSOLUTE
    ../clib/angel/kernel.s                   0x00000000   Number         0  rtentry4.o ABSOLUTE
    ../clib/angel/kernel.s                   0x00000000   Number         0  rtexit.o ABSOLUTE
    ../clib/angel/rt.s                       0x00000000   Number         0  rt_raise.o ABSOLUTE
    ../clib/angel/rt.s                       0x00000000   Number         0  aeabi_ldiv0_sigfpe.o ABSOLUTE
    ../clib/angel/rt.s                       0x00000000   Number         0  aeabi_ldiv0.o ABSOLUTE
    ../clib/angel/rt.s                       0x00000000   Number         0  rt_div0.o ABSOLUTE
    ../clib/angel/rt.s                       0x00000000   Number         0  rt_errno_addr.o ABSOLUTE
    ../clib/angel/rt.s                       0x00000000   Number         0  rt_errno_addr_intlibspace.o ABSOLUTE
    ../clib/angel/scatter.s                  0x00000000   Number         0  __scatter.o ABSOLUTE
    ../clib/angel/startup.s                  0x00000000   Number         0  __main.o ABSOLUTE
    ../clib/angel/sys.s                      0x00000000   Number         0  libspace.o ABSOLUTE
    ../clib/angel/sys.s                      0x00000000   Number         0  indicate_semi.o ABSOLUTE
    ../clib/angel/sys.s                      0x00000000   Number         0  sys_stackheap_outer.o ABSOLUTE
    ../clib/angel/sys.s                      0x00000000   Number         0  use_no_semi.o ABSOLUTE
    ../clib/angel/sysapp.c                   0x00000000   Number         0  sys_exit.o ABSOLUTE
    ../clib/angel/sysapp.c                   0x00000000   Number         0  sys_wrch.o ABSOLUTE
    ../clib/angel/sysapp.c                   0x00000000   Number         0  sys_command.o ABSOLUTE
    ../clib/armsys.c                         0x00000000   Number         0  no_argv.o ABSOLUTE
    ../clib/armsys.c                         0x00000000   Number         0  argv_veneer.o ABSOLUTE
    ../clib/armsys.c                         0x00000000   Number         0  _get_argv_nomalloc.o ABSOLUTE
    ../clib/armsys.c                         0x00000000   Number         0  argv_veneer.o ABSOLUTE
    ../clib/fenv.c                           0x00000000   Number         0  _rserrno.o ABSOLUTE
    ../clib/heapalloc.c                      0x00000000   Number         0  hrguard.o ABSOLUTE
    ../clib/heapaux.c                        0x00000000   Number         0  heapauxi.o ABSOLUTE
    ../clib/libinit.s                        0x00000000   Number         0  libshutdown.o ABSOLUTE
    ../clib/libinit.s                        0x00000000   Number         0  libinit.o ABSOLUTE
    ../clib/libinit.s                        0x00000000   Number         0  libinit2.o ABSOLUTE
    ../clib/libinit.s                        0x00000000   Number         0  libshutdown2.o ABSOLUTE
    ../clib/longlong.s                       0x00000000   Number         0  lludivv7m.o ABSOLUTE
    ../clib/memcpset.s                       0x00000000   Number         0  rt_memclr.o ABSOLUTE
    ../clib/memcpset.s                       0x00000000   Number         0  rt_memclr_w.o ABSOLUTE
    ../clib/misc.s                           0x00000000   Number         0  printf_stubs.o ABSOLUTE
    ../clib/printf.c                         0x00000000   Number         0  __printf.o ABSOLUTE
    ../clib/printf.c                         0x00000000   Number         0  noretval__2sprintf.o ABSOLUTE
    ../clib/printf.c                         0x00000000   Number         0  __printf_flags_ss_wp.o ABSOLUTE
    ../clib/printf.c                         0x00000000   Number         0  __printf_ss_wp.o ABSOLUTE
    ../clib/printf.c                         0x00000000   Number         0  __2sprintf.o ABSOLUTE
    ../clib/printf.c                         0x00000000   Number         0  _printf_dec.o ABSOLUTE
    ../clib/printf.c                         0x00000000   Number         0  __printf_flags_wp.o ABSOLUTE
    ../clib/printf.c                         0x00000000   Number         0  __printf_wp.o ABSOLUTE
    ../clib/printf.c                         0x00000000   Number         0  _printf_char_common.o ABSOLUTE
    ../clib/printf.c                         0x00000000   Number         0  __printf_flags_ss.o ABSOLUTE
    ../clib/printf.c                         0x00000000   Number         0  _printf_str.o ABSOLUTE
    ../clib/printf.c                         0x00000000   Number         0  _printf_pad.o ABSOLUTE
    ../clib/printf.c                         0x00000000   Number         0  __printf_ss.o ABSOLUTE
    ../clib/printf.c                         0x00000000   Number         0  __printf_flags.o ABSOLUTE
    ../clib/printf.c                         0x00000000   Number         0  _sputc.o ABSOLUTE
    ../clib/printf.c                         0x00000000   Number         0  __printf_nopercent.o ABSOLUTE
    ../clib/printf.c                         0x00000000   Number         0  _printf_char.o ABSOLUTE
    ../clib/printf.c                         0x00000000   Number         0  _printf_intcommon.o ABSOLUTE
    ../clib/printf_percent.s                 0x00000000   Number         0  _printf_s.o ABSOLUTE
    ../clib/printf_percent.s                 0x00000000   Number         0  _printf_d.o ABSOLUTE
    ../clib/printf_percent.s                 0x00000000   Number         0  _printf_percent_end.o ABSOLUTE
    ../clib/printf_percent.s                 0x00000000   Number         0  _printf_percent.o ABSOLUTE
    ../clib/signal.c                         0x00000000   Number         0  defsig_rtred_inner.o ABSOLUTE
    ../clib/signal.c                         0x00000000   Number         0  defsig_abrt_inner.o ABSOLUTE
    ../clib/signal.c                         0x00000000   Number         0  defsig_general.o ABSOLUTE
    ../clib/signal.c                         0x00000000   Number         0  __raise.o ABSOLUTE
    ../clib/signal.c                         0x00000000   Number         0  defsig_pvfn_inner.o ABSOLUTE
    ../clib/signal.c                         0x00000000   Number         0  defsig_exit.o ABSOLUTE
    ../clib/signal.c                         0x00000000   Number         0  defsig_fpe_formal.o ABSOLUTE
    ../clib/signal.c                         0x00000000   Number         0  defsig_fpe_outer.o ABSOLUTE
    ../clib/signal.c                         0x00000000   Number         0  defsig_other.o ABSOLUTE
    ../clib/signal.c                         0x00000000   Number         0  defsig_segv_inner.o ABSOLUTE
    ../clib/signal.c                         0x00000000   Number         0  defsig_fpe_inner.o ABSOLUTE
    ../clib/signal.c                         0x00000000   Number         0  defsig_cppl_inner.o ABSOLUTE
    ../clib/signal.c                         0x00000000   Number         0  defsig_stak_inner.o ABSOLUTE
    ../clib/signal.c                         0x00000000   Number         0  defsig_rtmem_formal.o ABSOLUTE
    ../clib/signal.c                         0x00000000   Number         0  defsig_rtmem_outer.o ABSOLUTE
    ../clib/signal.c                         0x00000000   Number         0  defsig_rtmem_inner.o ABSOLUTE
    ../clib/signal.s                         0x00000000   Number         0  defsig.o ABSOLUTE
    ../clib/stdlib.c                         0x00000000   Number         0  exit.o ABSOLUTE
    ../clib/string.c                         0x00000000   Number         0  strlen.o ABSOLUTE
    ../fplib/daddsub.s                       0x00000000   Number         0  daddsub_clz.o ABSOLUTE
    ../fplib/dcheck1.s                       0x00000000   Number         0  dcheck1.o ABSOLUTE
    ../fplib/dcmpi.s                         0x00000000   Number         0  dcmpi.o ABSOLUTE
    ../fplib/ddiv.s                          0x00000000   Number         0  ddiv.o ABSOLUTE
    ../fplib/dfix.s                          0x00000000   Number         0  dfix.o ABSOLUTE
    ../fplib/dfixu.s                         0x00000000   Number         0  dfixu.o ABSOLUTE
    ../fplib/dflt.s                          0x00000000   Number         0  dflt_clz.o ABSOLUTE
    ../fplib/dleqf.s                         0x00000000   Number         0  dleqf.o ABSOLUTE
    ../fplib/dmul.s                          0x00000000   Number         0  dmul.o ABSOLUTE
    ../fplib/dnaninf.s                       0x00000000   Number         0  dnaninf.o ABSOLUTE
    ../fplib/dretinf.s                       0x00000000   Number         0  dretinf.o ABSOLUTE
    ../fplib/drleqf.s                        0x00000000   Number         0  drleqf.o ABSOLUTE
    ../fplib/dsqrt.s                         0x00000000   Number         0  dsqrt_noumaal.o ABSOLUTE
    ../fplib/fpinit.s                        0x00000000   Number         0  fpinit.o ABSOLUTE
    ../fplib/retnan.s                        0x00000000   Number         0  retnan.o ABSOLUTE
    ../fplib/scalbn.s                        0x00000000   Number         0  scalbn.o ABSOLUTE
    ../fplib/trapv.s                         0x00000000   Number         0  trapv.o ABSOLUTE
    ../fplib/usenofp.s                       0x00000000   Number         0  usenofp.o ABSOLUTE
    ../mathlib/dunder.c                      0x00000000   Number         0  dunder.o ABSOLUTE
    ../mathlib/fpclassify.c                  0x00000000   Number         0  fpclassify.o ABSOLUTE
    ../mathlib/poly.c                        0x00000000   Number         0  poly.o ABSOLUTE
    ../mathlib/pow.c                         0x00000000   Number         0  pow_x.o ABSOLUTE
    ../mathlib/pow.c                         0x00000000   Number         0  pow.o ABSOLUTE
    ../mathlib/qnan.c                        0x00000000   Number         0  qnan.o ABSOLUTE
    ../mathlib/sqrt.c                        0x00000000   Number         0  sqrt_x.o ABSOLUTE
    ../mathlib/sqrt.c                        0x00000000   Number         0  sqrt.o ABSOLUTE
    application.c                            0x00000000   Number         0  application.o ABSOLUTE
    application.c                            0x00000000   Number         0  application.o ABSOLUTE
    comandos_dados_sensor.c                  0x00000000   Number         0  comandos_dados_sensor.o ABSOLUTE
    comandos_dados_sensor.c                  0x00000000   Number         0  comandos_dados_sensor.o ABSOLUTE
    dc.s                                     0x00000000   Number         0  dc.o ABSOLUTE
    gpio.c                                   0x00000000   Number         0  gpio.o ABSOLUTE
    gpio.c                                   0x00000000   Number         0  gpio.o ABSOLUTE
    lcd.c                                    0x00000000   Number         0  lcd.o ABSOLUTE
    lcd.c                                    0x00000000   Number         0  lcd.o ABSOLUTE
    main.c                                   0x00000000   Number         0  main.o ABSOLUTE
    main.c                                   0x00000000   Number         0  main.o ABSOLUTE
    rs485.c                                  0x00000000   Number         0  rs485.o ABSOLUTE
    rs485.c                                  0x00000000   Number         0  rs485.o ABSOLUTE
    sim900.c                                 0x00000000   Number         0  sim900.o ABSOLUTE
    sim900.c                                 0x00000000   Number         0  sim900.o ABSOLUTE
    startup_LPC17xx.s                        0x00000000   Number         0  startup_lpc17xx.o ABSOLUTE
    system_LPC17xx.c                         0x00000000   Number         0  system_lpc17xx.o ABSOLUTE
    system_LPC17xx.c                         0x00000000   Number         0  system_lpc17xx.o ABSOLUTE
    timer.c                                  0x00000000   Number         0  timer.o ABSOLUTE
    timer.c                                  0x00000000   Number         0  timer.o ABSOLUTE
    uart.c                                   0x00000000   Number         0  uart.o ABSOLUTE
    uart.c                                   0x00000000   Number         0  uart.o ABSOLUTE
    wdt.c                                    0x00000000   Number         0  wdt.o ABSOLUTE
    wdt.c                                    0x00000000   Number         0  wdt.o ABSOLUTE
    !!!main                                  0x000000cc   Section        8  __main.o(!!!main)
    !!!scatter                               0x000000d4   Section       52  __scatter.o(!!!scatter)
    !!handler_copy                           0x00000108   Section       26  __scatter_copy.o(!!handler_copy)
    !!handler_zi                             0x00000124   Section       28  __scatter_zi.o(!!handler_zi)
    .ARM.Collect$$_printf_percent$$00000000  0x00000140   Section        0  _printf_percent.o(.ARM.Collect$$_printf_percent$$00000000)
    .ARM.Collect$$_printf_percent$$00000009  0x00000140   Section        6  _printf_d.o(.ARM.Collect$$_printf_percent$$00000009)
    .ARM.Collect$$_printf_percent$$00000014  0x00000146   Section        6  _printf_s.o(.ARM.Collect$$_printf_percent$$00000014)
    .ARM.Collect$$_printf_percent$$00000017  0x0000014c   Section        4  _printf_percent_end.o(.ARM.Collect$$_printf_percent$$00000017)
    .ARM.Collect$$libinit$$00000000          0x00000150   Section        2  libinit.o(.ARM.Collect$$libinit$$00000000)
    .ARM.Collect$$libinit$$00000002          0x00000152   Section        0  libinit2.o(.ARM.Collect$$libinit$$00000002)
    .ARM.Collect$$libinit$$00000008          0x00000152   Section        0  libinit2.o(.ARM.Collect$$libinit$$00000008)
    .ARM.Collect$$libinit$$0000000A          0x00000152   Section        0  libinit2.o(.ARM.Collect$$libinit$$0000000A)
    .ARM.Collect$$libinit$$0000000C          0x00000152   Section        0  libinit2.o(.ARM.Collect$$libinit$$0000000C)
    .ARM.Collect$$libinit$$0000000F          0x00000152   Section        0  libinit2.o(.ARM.Collect$$libinit$$0000000F)
    .ARM.Collect$$libinit$$00000011          0x00000152   Section        0  libinit2.o(.ARM.Collect$$libinit$$00000011)
    .ARM.Collect$$libinit$$00000013          0x00000152   Section        0  libinit2.o(.ARM.Collect$$libinit$$00000013)
    .ARM.Collect$$libinit$$00000015          0x00000152   Section        0  libinit2.o(.ARM.Collect$$libinit$$00000015)
    .ARM.Collect$$libinit$$00000017          0x00000152   Section        0  libinit2.o(.ARM.Collect$$libinit$$00000017)
    .ARM.Collect$$libinit$$00000019          0x00000152   Section        0  libinit2.o(.ARM.Collect$$libinit$$00000019)
    .ARM.Collect$$libinit$$0000001B          0x00000152   Section        0  libinit2.o(.ARM.Collect$$libinit$$0000001B)
    .ARM.Collect$$libinit$$0000001D          0x00000152   Section        0  libinit2.o(.ARM.Collect$$libinit$$0000001D)
    .ARM.Collect$$libinit$$0000001F          0x00000152   Section        0  libinit2.o(.ARM.Collect$$libinit$$0000001F)
    .ARM.Collect$$libinit$$00000021          0x00000152   Section        0  libinit2.o(.ARM.Collect$$libinit$$00000021)
    .ARM.Collect$$libinit$$00000023          0x00000152   Section        0  libinit2.o(.ARM.Collect$$libinit$$00000023)
    .ARM.Collect$$libinit$$0000002A          0x00000152   Section        0  libinit2.o(.ARM.Collect$$libinit$$0000002A)
    .ARM.Collect$$libinit$$0000002C          0x00000152   Section        0  libinit2.o(.ARM.Collect$$libinit$$0000002C)
    .ARM.Collect$$libinit$$0000002E          0x00000152   Section        0  libinit2.o(.ARM.Collect$$libinit$$0000002E)
    .ARM.Collect$$libinit$$00000030          0x00000152   Section        0  libinit2.o(.ARM.Collect$$libinit$$00000030)
    .ARM.Collect$$libinit$$00000031          0x00000152   Section        2  libinit2.o(.ARM.Collect$$libinit$$00000031)
    .ARM.Collect$$libshutdown$$00000000      0x00000154   Section        2  libshutdown.o(.ARM.Collect$$libshutdown$$00000000)
    .ARM.Collect$$libshutdown$$00000003      0x00000156   Section        0  libshutdown2.o(.ARM.Collect$$libshutdown$$00000003)
    .ARM.Collect$$libshutdown$$00000006      0x00000156   Section        0  libshutdown2.o(.ARM.Collect$$libshutdown$$00000006)
    .ARM.Collect$$libshutdown$$00000009      0x00000156   Section        0  libshutdown2.o(.ARM.Collect$$libshutdown$$00000009)
    .ARM.Collect$$libshutdown$$0000000B      0x00000156   Section        0  libshutdown2.o(.ARM.Collect$$libshutdown$$0000000B)
    .ARM.Collect$$libshutdown$$0000000E      0x00000156   Section        0  libshutdown2.o(.ARM.Collect$$libshutdown$$0000000E)
    .ARM.Collect$$libshutdown$$0000000F      0x00000156   Section        2  libshutdown2.o(.ARM.Collect$$libshutdown$$0000000F)
    .ARM.Collect$$rtentry$$00000000          0x00000158   Section        0  rtentry.o(.ARM.Collect$$rtentry$$00000000)
    .ARM.Collect$$rtentry$$00000002          0x00000158   Section        0  rtentry2.o(.ARM.Collect$$rtentry$$00000002)
    .ARM.Collect$$rtentry$$00000004          0x00000158   Section        6  rtentry4.o(.ARM.Collect$$rtentry$$00000004)
    .ARM.Collect$$rtentry$$00000009          0x0000015e   Section        0  rtentry2.o(.ARM.Collect$$rtentry$$00000009)
    .ARM.Collect$$rtentry$$0000000A          0x0000015e   Section        4  rtentry2.o(.ARM.Collect$$rtentry$$0000000A)
    .ARM.Collect$$rtentry$$0000000C          0x00000162   Section        0  rtentry2.o(.ARM.Collect$$rtentry$$0000000C)
    .ARM.Collect$$rtentry$$0000000D          0x00000162   Section        8  rtentry2.o(.ARM.Collect$$rtentry$$0000000D)
    .ARM.Collect$$rtexit$$00000000           0x0000016a   Section        2  rtexit.o(.ARM.Collect$$rtexit$$00000000)
    .ARM.Collect$$rtexit$$00000002           0x0000016c   Section        0  rtexit2.o(.ARM.Collect$$rtexit$$00000002)
    .ARM.Collect$$rtexit$$00000003           0x0000016c   Section        4  rtexit2.o(.ARM.Collect$$rtexit$$00000003)
    .ARM.Collect$$rtexit$$00000004           0x00000170   Section        6  rtexit2.o(.ARM.Collect$$rtexit$$00000004)
    .text                                    0x00000178   Section       64  startup_lpc17xx.o(.text)
    .text                                    0x000001b8   Section        0  gpio.o(.text)
    .text                                    0x0000021c   Section        0  wdt.o(.text)
    .text                                    0x00000250   Section        0  comandos_dados_sensor.o(.text)
    .text                                    0x000002ec   Section        0  heapauxi.o(.text)
    .text                                    0x000002f2   Section        0  _sputc.o(.text)
    .ARM.__at_0x02FC                         0x000002fc   Section        4  startup_lpc17xx.o(.ARM.__at_0x02FC)
    .text                                    0x00000300   Section        0  system_lpc17xx.o(.text)
    .text                                    0x000004d4   Section        0  main.o(.text)
    NVIC_SystemReset                         0x00000bf7   Thumb Code    24  main.o(.text)
    .text                                    0x00000cac   Section        0  uart.o(.text)
    NVIC_EnableIRQ                           0x00000f4b   Thumb Code    24  uart.o(.text)
    .text                                    0x00000f84   Section        0  timer.o(.text)
    NVIC_EnableIRQ                           0x000010ef   Thumb Code    24  timer.o(.text)
    .text                                    0x00001120   Section        0  sim900.o(.text)
    .text                                    0x00001508   Section        0  application.o(.text)
    .text                                    0x00001dac   Section        0  rs485.o(.text)
    .text                                    0x00001fac   Section        0  lcd.o(.text)
    .text                                    0x00002230   Section      238  lludivv7m.o(.text)
    .text                                    0x00002320   Section        0  noretval__2sprintf.o(.text)
    .text                                    0x00002348   Section        0  _printf_pad.o(.text)
    .text                                    0x0000239a   Section        0  _printf_str.o(.text)
    .text                                    0x000023ec   Section        0  _printf_dec.o(.text)
    .text                                    0x00002464   Section        0  __printf_flags_wp.o(.text)
    .text                                    0x000025a0   Section        0  strlen.o(.text)
    .text                                    0x000025de   Section       68  rt_memclr.o(.text)
    .text                                    0x00002622   Section       78  rt_memclr_w.o(.text)
    .text                                    0x00002670   Section        0  _rserrno.o(.text)
    .text                                    0x00002686   Section        0  _printf_intcommon.o(.text)
    .text                                    0x00002740   Section        0  _printf_char_common.o(.text)
    _printf_input_char                       0x00002741   Thumb Code    10  _printf_char_common.o(.text)
    .text                                    0x00002770   Section        0  _printf_char.o(.text)
    .text                                    0x0000279c   Section        8  rt_errno_addr_intlibspace.o(.text)
    .text                                    0x000027a4   Section        8  libspace.o(.text)
    .text                                    0x000027ac   Section       74  sys_stackheap_outer.o(.text)
    .text                                    0x000027f6   Section        0  exit.o(.text)
    .text                                    0x00002804   Section        0  sys_exit.o(.text)
    .text                                    0x00002810   Section        2  use_no_semi.o(.text)
    .text                                    0x00002812   Section        0  indicate_semi.o(.text)
    i.__ARM_fpclassify                       0x00002812   Section        0  fpclassify.o(i.__ARM_fpclassify)
    i.__kernel_poly                          0x0000283a   Section        0  poly.o(i.__kernel_poly)
    i.__mathlib_dbl_underflow                0x000028e4   Section        0  dunder.o(i.__mathlib_dbl_underflow)
    i._is_digit                              0x000028f4   Section        0  __printf_wp.o(i._is_digit)
    i.pow                                    0x00002904   Section        0  pow.o(i.pow)
    i.sqrt                                   0x000032e4   Section        0  sqrt.o(i.sqrt)
    x$fpl$dadd                               0x00003330   Section      336  daddsub_clz.o(x$fpl$dadd)
    _dadd1                                   0x00003341   Thumb Code     0  daddsub_clz.o(x$fpl$dadd)
    x$fpl$dcheck1                            0x00003480   Section       16  dcheck1.o(x$fpl$dcheck1)
    x$fpl$dcmpinf                            0x00003490   Section       24  dcmpi.o(x$fpl$dcmpinf)
    x$fpl$ddiv                               0x000034a8   Section      688  ddiv.o(x$fpl$ddiv)
    ddiv_entry                               0x000034af   Thumb Code     0  ddiv.o(x$fpl$ddiv)
    x$fpl$dfix                               0x00003758   Section       94  dfix.o(x$fpl$dfix)
    x$fpl$dfixu                              0x000037b8   Section       90  dfixu.o(x$fpl$dfixu)
    x$fpl$dflt                               0x00003812   Section       46  dflt_clz.o(x$fpl$dflt)
    x$fpl$dfltu                              0x00003840   Section       38  dflt_clz.o(x$fpl$dfltu)
    x$fpl$dleqf                              0x00003868   Section      120  dleqf.o(x$fpl$dleqf)
    x$fpl$dmul                               0x000038e0   Section      340  dmul.o(x$fpl$dmul)
    x$fpl$dnaninf                            0x00003a34   Section      156  dnaninf.o(x$fpl$dnaninf)
    x$fpl$dretinf                            0x00003ad0   Section       12  dretinf.o(x$fpl$dretinf)
    x$fpl$drleqf                             0x00003adc   Section      108  drleqf.o(x$fpl$drleqf)
    x$fpl$drsb                               0x00003b48   Section       22  daddsub_clz.o(x$fpl$drsb)
    x$fpl$dsqrt                              0x00003b60   Section      460  dsqrt_noumaal.o(x$fpl$dsqrt)
    x$fpl$dsub                               0x00003d2c   Section      468  daddsub_clz.o(x$fpl$dsub)
    _dsub1                                   0x00003d3d   Thumb Code     0  daddsub_clz.o(x$fpl$dsub)
    x$fpl$retnan                             0x00003f00   Section      100  retnan.o(x$fpl$retnan)
    x$fpl$scalbn                             0x00003f64   Section       92  scalbn.o(x$fpl$scalbn)
    x$fpl$trapveneer                         0x00003fc0   Section       48  trapv.o(x$fpl$trapveneer)
    .constdata                               0x00003ff0   Section       84  main.o(.constdata)
    x$fpl$usenofp                            0x00003ff0   Section        0  usenofp.o(x$fpl$usenofp)
    .constdata                               0x00004044   Section       20  gpio.o(.constdata)
    LPC_GPIO                                 0x00004044   Data          20  gpio.o(.constdata)
    .constdata                               0x00004058   Section        4  lcd.o(.constdata)
    .constdata                               0x0000405c   Section       17  __printf_flags_wp.o(.constdata)
    maptable                                 0x0000405c   Data          17  __printf_flags_wp.o(.constdata)
    .constdata                               0x00004070   Section      136  pow.o(.constdata)
    bp                                       0x00004070   Data          16  pow.o(.constdata)
    dp_h                                     0x00004080   Data          16  pow.o(.constdata)
    dp_l                                     0x00004090   Data          16  pow.o(.constdata)
    L                                        0x000040a0   Data          48  pow.o(.constdata)
    P                                        0x000040d0   Data          40  pow.o(.constdata)
    .constdata                               0x000040f8   Section        8  qnan.o(.constdata)
    .data                                    0x10000000   Section        4  system_lpc17xx.o(.data)
    .data                                    0x10000004   Section       20  uart.o(.data)
    .data                                    0x10000018   Section        2  sim900.o(.data)
    .data                                    0x1000001a   Section       13  application.o(.data)
    .data                                    0x10000028   Section        8  rs485.o(.data)
    .data                                    0x10000030   Section        2  comandos_dados_sensor.o(.data)
    .data                                    0x10000032   Section        1  lcd.o(.data)
    .bss                                     0x10000034   Section     1024  uart.o(.bss)
    .bss                                     0x10000434   Section      534  application.o(.bss)
    .bss                                     0x1000064a   Section       20  rs485.o(.bss)
    .bss                                     0x10000660   Section       96  libspace.o(.bss)
    HEAP                                     0x100006c0   Section      512  startup_lpc17xx.o(HEAP)
    Heap_Mem                                 0x100006c0   Data         512  startup_lpc17xx.o(HEAP)
    STACK                                    0x100008c0   Section      512  startup_lpc17xx.o(STACK)
    Stack_Mem                                0x100008c0   Data         512  startup_lpc17xx.o(STACK)
    __initial_sp                             0x10000ac0   Data           0  startup_lpc17xx.o(STACK)

    Global Symbols

    Symbol Name                              Value     Ov Type        Size  Object(Section)

    BuildAttributes$$THM_ISAv4$P$D$K$B$S$PE$A:L22UL41UL21$X:L11$S22US41US21$IEEE1$IW$USESV6$~STKCKD$USESV7$~SHL$OTIME$ROPI$IEEEX$EBA8$UX$STANDARDLIB$REQ8$PRES8$EABIv2 0x00000000   Number         0  anon$$obj.o ABSOLUTE
    __ARM_use_no_argv                        0x00000000   Number         0  main.o ABSOLUTE
    __Vectors                                0x00000000   Data           4  startup_lpc17xx.o(RESET)
    _printf_flags                            0x00000000   Number         0  printf_stubs.o ABSOLUTE
    _printf_return_value                     0x00000000   Number         0  printf_stubs.o ABSOLUTE
    _printf_sizespec                         0x00000000   Number         0  printf_stubs.o ABSOLUTE
    _printf_widthprec                        0x00000000   Number         0  printf_stubs.o ABSOLUTE
    __ARM_exceptions_init                     - Undefined Weak Reference
    __alloca_initialize                       - Undefined Weak Reference
    __cpp_initialize__aeabi_                  - Undefined Weak Reference
    __cxa_finalize                            - Undefined Weak Reference
    __rt_locale                               - Undefined Weak Reference
    __sigvec_lookup                           - Undefined Weak Reference
    _atexit_init                              - Undefined Weak Reference
    _call_atexit_fns                          - Undefined Weak Reference
    _clock_init                               - Undefined Weak Reference
    _fp_trap_init                             - Undefined Weak Reference
    _fp_trap_shutdown                         - Undefined Weak Reference
    _get_lc_collate                           - Undefined Weak Reference
    _get_lc_ctype                             - Undefined Weak Reference
    _get_lc_monetary                          - Undefined Weak Reference
    _get_lc_numeric                           - Undefined Weak Reference
    _get_lc_time                              - Undefined Weak Reference
    _getenv_init                              - Undefined Weak Reference
    _handle_redirection                       - Undefined Weak Reference
    _init_alloc                               - Undefined Weak Reference
    _init_user_alloc                          - Undefined Weak Reference
    _initio                                   - Undefined Weak Reference
    _printf_mbtowc                            - Undefined Weak Reference
    _printf_truncate_signed                   - Undefined Weak Reference
    _printf_truncate_unsigned                 - Undefined Weak Reference
    _rand_init                                - Undefined Weak Reference
    _signal_finish                            - Undefined Weak Reference
    _signal_init                              - Undefined Weak Reference
    _terminate_alloc                          - Undefined Weak Reference
    _terminate_user_alloc                     - Undefined Weak Reference
    _terminateio                              - Undefined Weak Reference
    __main                                   0x000000cd   Thumb Code     8  __main.o(!!!main)
    __scatterload                            0x000000d5   Thumb Code     0  __scatter.o(!!!scatter)
    __scatterload_rt2                        0x000000d5   Thumb Code    44  __scatter.o(!!!scatter)
    __scatterload_rt2_thumb_only             0x000000d5   Thumb Code     0  __scatter.o(!!!scatter)
    __scatterload_null                       0x000000e3   Thumb Code     0  __scatter.o(!!!scatter)
    __scatterload_copy                       0x00000109   Thumb Code    26  __scatter_copy.o(!!handler_copy)
    __scatterload_zeroinit                   0x00000125   Thumb Code    28  __scatter_zi.o(!!handler_zi)
    _printf_d                                0x00000141   Thumb Code     0  _printf_d.o(.ARM.Collect$$_printf_percent$$00000009)
    _printf_percent                          0x00000141   Thumb Code     0  _printf_percent.o(.ARM.Collect$$_printf_percent$$00000000)
    _printf_s                                0x00000147   Thumb Code     0  _printf_s.o(.ARM.Collect$$_printf_percent$$00000014)
    _printf_percent_end                      0x0000014d   Thumb Code     0  _printf_percent_end.o(.ARM.Collect$$_printf_percent$$00000017)
    __rt_lib_init                            0x00000151   Thumb Code     0  libinit.o(.ARM.Collect$$libinit$$00000000)
    __rt_lib_init_alloca_1                   0x00000153   Thumb Code     0  libinit2.o(.ARM.Collect$$libinit$$0000002C)
    __rt_lib_init_argv_1                     0x00000153   Thumb Code     0  libinit2.o(.ARM.Collect$$libinit$$0000002A)
    __rt_lib_init_atexit_1                   0x00000153   Thumb Code     0  libinit2.o(.ARM.Collect$$libinit$$00000019)
    __rt_lib_init_clock_1                    0x00000153   Thumb Code     0  libinit2.o(.ARM.Collect$$libinit$$0000001F)
    __rt_lib_init_cpp_1                      0x00000153   Thumb Code     0  libinit2.o(.ARM.Collect$$libinit$$00000030)
    __rt_lib_init_exceptions_1               0x00000153   Thumb Code     0  libinit2.o(.ARM.Collect$$libinit$$0000002E)
    __rt_lib_init_fp_1                       0x00000153   Thumb Code     0  libinit2.o(.ARM.Collect$$libinit$$00000002)
    __rt_lib_init_fp_trap_1                  0x00000153   Thumb Code     0  libinit2.o(.ARM.Collect$$libinit$$0000001D)
    __rt_lib_init_getenv_1                   0x00000153   Thumb Code     0  libinit2.o(.ARM.Collect$$libinit$$00000021)
    __rt_lib_init_heap_1                     0x00000153   Thumb Code     0  libinit2.o(.ARM.Collect$$libinit$$00000008)
    __rt_lib_init_lc_collate_1               0x00000153   Thumb Code     0  libinit2.o(.ARM.Collect$$libinit$$0000000F)
    __rt_lib_init_lc_ctype_1                 0x00000153   Thumb Code     0  libinit2.o(.ARM.Collect$$libinit$$00000011)
    __rt_lib_init_lc_monetary_1              0x00000153   Thumb Code     0  libinit2.o(.ARM.Collect$$libinit$$00000013)
    __rt_lib_init_lc_numeric_1               0x00000153   Thumb Code     0  libinit2.o(.ARM.Collect$$libinit$$00000015)
    __rt_lib_init_lc_time_1                  0x00000153   Thumb Code     0  libinit2.o(.ARM.Collect$$libinit$$00000017)
    __rt_lib_init_rand_1                     0x00000153   Thumb Code     0  libinit2.o(.ARM.Collect$$libinit$$0000000C)
    __rt_lib_init_return                     0x00000153   Thumb Code     0  libinit2.o(.ARM.Collect$$libinit$$00000031)
    __rt_lib_init_signal_1                   0x00000153   Thumb Code     0  libinit2.o(.ARM.Collect$$libinit$$0000001B)
    __rt_lib_init_stdio_1                    0x00000153   Thumb Code     0  libinit2.o(.ARM.Collect$$libinit$$00000023)
    __rt_lib_init_user_alloc_1               0x00000153   Thumb Code     0  libinit2.o(.ARM.Collect$$libinit$$0000000A)
    __rt_lib_shutdown                        0x00000155   Thumb Code     0  libshutdown.o(.ARM.Collect$$libshutdown$$00000000)
    __rt_lib_shutdown_fp_trap_1              0x00000157   Thumb Code     0  libshutdown2.o(.ARM.Collect$$libshutdown$$00000006)
    __rt_lib_shutdown_heap_1                 0x00000157   Thumb Code     0  libshutdown2.o(.ARM.Collect$$libshutdown$$0000000E)
    __rt_lib_shutdown_return                 0x00000157   Thumb Code     0  libshutdown2.o(.ARM.Collect$$libshutdown$$0000000F)
    __rt_lib_shutdown_signal_1               0x00000157   Thumb Code     0  libshutdown2.o(.ARM.Collect$$libshutdown$$00000009)
    __rt_lib_shutdown_stdio_1                0x00000157   Thumb Code     0  libshutdown2.o(.ARM.Collect$$libshutdown$$00000003)
    __rt_lib_shutdown_user_alloc_1           0x00000157   Thumb Code     0  libshutdown2.o(.ARM.Collect$$libshutdown$$0000000B)
    __rt_entry                               0x00000159   Thumb Code     0  rtentry.o(.ARM.Collect$$rtentry$$00000000)
    __rt_entry_presh_1                       0x00000159   Thumb Code     0  rtentry2.o(.ARM.Collect$$rtentry$$00000002)
    __rt_entry_sh                            0x00000159   Thumb Code     0  rtentry4.o(.ARM.Collect$$rtentry$$00000004)
    __rt_entry_li                            0x0000015f   Thumb Code     0  rtentry2.o(.ARM.Collect$$rtentry$$0000000A)
    __rt_entry_postsh_1                      0x0000015f   Thumb Code     0  rtentry2.o(.ARM.Collect$$rtentry$$00000009)
    __rt_entry_main                          0x00000163   Thumb Code     0  rtentry2.o(.ARM.Collect$$rtentry$$0000000D)
    __rt_entry_postli_1                      0x00000163   Thumb Code     0  rtentry2.o(.ARM.Collect$$rtentry$$0000000C)
    __rt_exit                                0x0000016b   Thumb Code     0  rtexit.o(.ARM.Collect$$rtexit$$00000000)
    __rt_exit_ls                             0x0000016d   Thumb Code     0  rtexit2.o(.ARM.Collect$$rtexit$$00000003)
    __rt_exit_prels_1                        0x0000016d   Thumb Code     0  rtexit2.o(.ARM.Collect$$rtexit$$00000002)
    __rt_exit_exit                           0x00000171   Thumb Code     0  rtexit2.o(.ARM.Collect$$rtexit$$00000004)
    Reset_Handler                            0x00000179   Thumb Code     8  startup_lpc17xx.o(.text)
    NMI_Handler                              0x00000181   Thumb Code     2  startup_lpc17xx.o(.text)
    HardFault_Handler                        0x00000183   Thumb Code     2  startup_lpc17xx.o(.text)
    MemManage_Handler                        0x00000185   Thumb Code     2  startup_lpc17xx.o(.text)
    BusFault_Handler                         0x00000187   Thumb Code     2  startup_lpc17xx.o(.text)
    UsageFault_Handler                       0x00000189   Thumb Code     2  startup_lpc17xx.o(.text)
    SVC_Handler                              0x0000018b   Thumb Code     2  startup_lpc17xx.o(.text)
    DebugMon_Handler                         0x0000018d   Thumb Code     2  startup_lpc17xx.o(.text)
    PendSV_Handler                           0x0000018f   Thumb Code     2  startup_lpc17xx.o(.text)
    SysTick_Handler                          0x00000191   Thumb Code     2  startup_lpc17xx.o(.text)
    ADC_IRQHandler                           0x00000193   Thumb Code     0  startup_lpc17xx.o(.text)
    BOD_IRQHandler                           0x00000193   Thumb Code     0  startup_lpc17xx.o(.text)
    CANActivity_IRQHandler                   0x00000193   Thumb Code     0  startup_lpc17xx.o(.text)
    CAN_IRQHandler                           0x00000193   Thumb Code     0  startup_lpc17xx.o(.text)
    DMA_IRQHandler                           0x00000193   Thumb Code     0  startup_lpc17xx.o(.text)
    EINT0_IRQHandler                         0x00000193   Thumb Code     0  startup_lpc17xx.o(.text)
    EINT1_IRQHandler                         0x00000193   Thumb Code     0  startup_lpc17xx.o(.text)
    EINT2_IRQHandler                         0x00000193   Thumb Code     0  startup_lpc17xx.o(.text)
    EINT3_IRQHandler                         0x00000193   Thumb Code     0  startup_lpc17xx.o(.text)
    ENET_IRQHandler                          0x00000193   Thumb Code     0  startup_lpc17xx.o(.text)
    I2C0_IRQHandler                          0x00000193   Thumb Code     0  startup_lpc17xx.o(.text)
    I2C1_IRQHandler                          0x00000193   Thumb Code     0  startup_lpc17xx.o(.text)
    I2C2_IRQHandler                          0x00000193   Thumb Code     0  startup_lpc17xx.o(.text)
    I2S_IRQHandler                           0x00000193   Thumb Code     0  startup_lpc17xx.o(.text)
    MCPWM_IRQHandler                         0x00000193   Thumb Code     0  startup_lpc17xx.o(.text)
    PLL0_IRQHandler                          0x00000193   Thumb Code     0  startup_lpc17xx.o(.text)
    PLL1_IRQHandler                          0x00000193   Thumb Code     0  startup_lpc17xx.o(.text)
    PWM1_IRQHandler                          0x00000193   Thumb Code     0  startup_lpc17xx.o(.text)
    QEI_IRQHandler                           0x00000193   Thumb Code     0  startup_lpc17xx.o(.text)
    RIT_IRQHandler                           0x00000193   Thumb Code     0  startup_lpc17xx.o(.text)
    RTC_IRQHandler                           0x00000193   Thumb Code     0  startup_lpc17xx.o(.text)
    SPI_IRQHandler                           0x00000193   Thumb Code     0  startup_lpc17xx.o(.text)
    SSP0_IRQHandler                          0x00000193   Thumb Code     0  startup_lpc17xx.o(.text)
    SSP1_IRQHandler                          0x00000193   Thumb Code     0  startup_lpc17xx.o(.text)
    TIMER0_IRQHandler                        0x00000193   Thumb Code     0  startup_lpc17xx.o(.text)
    TIMER1_IRQHandler                        0x00000193   Thumb Code     0  startup_lpc17xx.o(.text)
    UART2_IRQHandler                         0x00000193   Thumb Code     0  startup_lpc17xx.o(.text)
    UART3_IRQHandler                         0x00000193   Thumb Code     0  startup_lpc17xx.o(.text)
    USBActivity_IRQHandler                   0x00000193   Thumb Code     0  startup_lpc17xx.o(.text)
    USB_IRQHandler                           0x00000193   Thumb Code     0  startup_lpc17xx.o(.text)
    WDT_IRQHandler                           0x00000193   Thumb Code     0  startup_lpc17xx.o(.text)
    __user_initial_stackheap                 0x00000195   Thumb Code     0  startup_lpc17xx.o(.text)
    GPIO_init                                0x000001b9   Thumb Code    12  gpio.o(.text)
    GPIO_get_value                           0x000001c5   Thumb Code    24  gpio.o(.text)
    GPIO_set_value                           0x000001dd   Thumb Code    22  gpio.o(.text)
    GPIO_set_dir                             0x000001f3   Thumb Code    32  gpio.o(.text)
    Wdt_config                               0x0000021d   Thumb Code    34  wdt.o(.text)
    Wdt_feed                                 0x0000023f   Thumb Code    12  wdt.o(.text)
    Send485_cmd                              0x00000251   Thumb Code   142  comandos_dados_sensor.o(.text)
    __use_two_region_memory                  0x000002ed   Thumb Code     2  heapauxi.o(.text)
    __rt_heap_escrow$2region                 0x000002ef   Thumb Code     2  heapauxi.o(.text)
    __rt_heap_expand$2region                 0x000002f1   Thumb Code     2  heapauxi.o(.text)
    _sputc                                   0x000002f3   Thumb Code    10  _sputc.o(.text)
    SystemCoreClockUpdate                    0x00000301   Thumb Code   262  system_lpc17xx.o(.text)
    SystemInit                               0x00000407   Thumb Code   174  system_lpc17xx.o(.text)
    main                                     0x000004d5   Thumb Code  1826  main.o(.text)
    UART0_IRQHandler                         0x00000cad   Thumb Code   124  uart.o(.text)
    UART1_IRQHandler                         0x00000d29   Thumb Code   124  uart.o(.text)
    UART_init                                0x00000da5   Thumb Code   224  uart.o(.text)
    UART_send                                0x00000e85   Thumb Code    80  uart.o(.text)
    UART_receiving_wait                      0x00000ed5   Thumb Code   118  uart.o(.text)
    Timer0_init                              0x00000f85   Thumb Code    14  timer.o(.text)
    Timer1_init                              0x00000f93   Thumb Code    12  timer.o(.text)
    Timer2_init                              0x00000f9f   Thumb Code    12  timer.o(.text)
    Timer3_init                              0x00000fab   Thumb Code    12  timer.o(.text)
    delay_us                                 0x00000fb7   Thumb Code    40  timer.o(.text)
    delay_ms                                 0x00000fdf   Thumb Code    42  timer.o(.text)
    Int_delay_us                             0x00001009   Thumb Code    38  timer.o(.text)
    Int_delay_ms                             0x0000102f   Thumb Code    40  timer.o(.text)
    Timer2_ISR_set                           0x00001057   Thumb Code    42  timer.o(.text)
    Timer3_ISR_set                           0x00001081   Thumb Code    42  timer.o(.text)
    TIMER2_IRQHandler                        0x000010ab   Thumb Code    34  timer.o(.text)
    TIMER3_IRQHandler                        0x000010cd   Thumb Code    34  timer.o(.text)
    Sim900_io_conf                           0x00001121   Thumb Code    56  sim900.o(.text)
    Sim900_send_cmd                          0x00001159   Thumb Code    60  sim900.o(.text)
    Resp_search                              0x00001195   Thumb Code   100  sim900.o(.text)
    Sim900_power_on                          0x000011f9   Thumb Code   172  sim900.o(.text)
    Sim900_CREG_status                       0x000012a5   Thumb Code    70  sim900.o(.text)
    Sim900_get_CSQ                           0x000012eb   Thumb Code   108  sim900.o(.text)
    Sim900_warm_up                           0x00001357   Thumb Code   236  sim900.o(.text)
    PDP_connect                              0x00001509   Thumb Code   472  application.o(.text)
    Close_conn                               0x000016e1   Thumb Code    52  application.o(.text)
    Dns_res                                  0x00001715   Thumb Code   184  application.o(.text)
    Open_conn                                0x000017cd   Thumb Code   158  application.o(.text)
    Send_data                                0x0000186b   Thumb Code   126  application.o(.text)
    Send_SMS_Cel                             0x000018e9   Thumb Code   618  application.o(.text)
    Solicita_credito                         0x00001b53   Thumb Code    98  application.o(.text)
    NTP_get_time                             0x00001bb5   Thumb Code   382  application.o(.text)
    REN_485                                  0x00001dad   Thumb Code    34  rs485.o(.text)
    RS485_io_conf                            0x00001dcf   Thumb Code    28  rs485.o(.text)
    DE_485                                   0x00001deb   Thumb Code    26  rs485.o(.text)
    Processa_CRC_offline                     0x00001e05   Thumb Code    80  rs485.o(.text)
    Verifica_CRC                             0x00001e55   Thumb Code    56  rs485.o(.text)
    Gera_CRC                                 0x00001e8d   Thumb Code    40  rs485.o(.text)
    Device_search                            0x00001eb5   Thumb Code   124  rs485.o(.text)
    Send485_block                            0x00001f31   Thumb Code    42  rs485.o(.text)
    Send485_string                           0x00001f5b   Thumb Code    56  rs485.o(.text)
    LcdEnviaNibble                           0x00001fad   Thumb Code    82  lcd.o(.text)
    LcdEnviaByte                             0x00001fff   Thumb Code    44  lcd.o(.text)
    LcdInit                                  0x0000202b   Thumb Code   172  lcd.o(.text)
    LcdGotoXy                                0x000020d7   Thumb Code    48  lcd.o(.text)
    LcdPuts                                  0x00002107   Thumb Code    22  lcd.o(.text)
    LcdPrintNum                              0x0000211d   Thumb Code   248  lcd.o(.text)
    LcdIntStat                               0x00002215   Thumb Code    12  lcd.o(.text)
    __aeabi_uldivmod                         0x00002231   Thumb Code     0  lludivv7m.o(.text)
    _ll_udiv                                 0x00002231   Thumb Code   238  lludivv7m.o(.text)
    __2sprintf                               0x00002321   Thumb Code    34  noretval__2sprintf.o(.text)
    _printf_pre_padding                      0x00002349   Thumb Code    46  _printf_pad.o(.text)
    _printf_post_padding                     0x00002377   Thumb Code    36  _printf_pad.o(.text)
    _printf_str                              0x0000239b   Thumb Code    82  _printf_str.o(.text)
    _printf_int_dec                          0x000023ed   Thumb Code   102  _printf_dec.o(.text)
    __printf                                 0x00002465   Thumb Code   310  __printf_flags_wp.o(.text)
    strlen                                   0x000025a1   Thumb Code    62  strlen.o(.text)
    __aeabi_memclr                           0x000025df   Thumb Code     0  rt_memclr.o(.text)
    __rt_memclr                              0x000025df   Thumb Code    68  rt_memclr.o(.text)
    _memset                                  0x000025e3   Thumb Code     0  rt_memclr.o(.text)
    __aeabi_memclr4                          0x00002623   Thumb Code     0  rt_memclr_w.o(.text)
    __aeabi_memclr8                          0x00002623   Thumb Code     0  rt_memclr_w.o(.text)
    __rt_memclr_w                            0x00002623   Thumb Code    78  rt_memclr_w.o(.text)
    _memset_w                                0x00002627   Thumb Code     0  rt_memclr_w.o(.text)
    __read_errno                             0x00002671   Thumb Code    10  _rserrno.o(.text)
    __set_errno                              0x0000267b   Thumb Code    12  _rserrno.o(.text)
    _printf_int_common                       0x00002687   Thumb Code   184  _printf_intcommon.o(.text)
    _printf_char_common                      0x0000274b   Thumb Code    32  _printf_char_common.o(.text)
    _printf_cs_common                        0x00002771   Thumb Code    20  _printf_char.o(.text)
    _printf_char                             0x00002785   Thumb Code    16  _printf_char.o(.text)
    _printf_string                           0x00002795   Thumb Code     8  _printf_char.o(.text)
    __aeabi_errno_addr                       0x0000279d   Thumb Code     8  rt_errno_addr_intlibspace.o(.text)
    __errno$intlibspace                      0x0000279d   Thumb Code     0  rt_errno_addr_intlibspace.o(.text)
    __rt_errno_addr$intlibspace              0x0000279d   Thumb Code     0  rt_errno_addr_intlibspace.o(.text)
    __user_libspace                          0x000027a5   Thumb Code     8  libspace.o(.text)
    __user_perproc_libspace                  0x000027a5   Thumb Code     0  libspace.o(.text)
    __user_perthread_libspace                0x000027a5   Thumb Code     0  libspace.o(.text)
    __user_setup_stackheap                   0x000027ad   Thumb Code    74  sys_stackheap_outer.o(.text)
    exit                                     0x000027f7   Thumb Code    12  exit.o(.text)
    _sys_exit                                0x00002805   Thumb Code     8  sys_exit.o(.text)
    __I$use$semihosting                      0x00002811   Thumb Code     0  use_no_semi.o(.text)
    __use_no_semihosting_swi                 0x00002811   Thumb Code     2  use_no_semi.o(.text)
    __ARM_fpclassify                         0x00002813   Thumb Code    40  fpclassify.o(i.__ARM_fpclassify)
    __semihosting_library_function           0x00002813   Thumb Code     0  indicate_semi.o(.text)
    __kernel_poly                            0x0000283b   Thumb Code   170  poly.o(i.__kernel_poly)
    __mathlib_dbl_underflow                  0x000028e5   Thumb Code    10  dunder.o(i.__mathlib_dbl_underflow)
    _is_digit                                0x000028f5   Thumb Code    14  __printf_wp.o(i._is_digit)
    pow                                      0x00002905   Thumb Code  2510  pow.o(i.pow)
    sqrt                                     0x000032e5   Thumb Code    76  sqrt.o(i.sqrt)
    __aeabi_dadd                             0x00003331   Thumb Code     0  daddsub_clz.o(x$fpl$dadd)
    _dadd                                    0x00003331   Thumb Code   332  daddsub_clz.o(x$fpl$dadd)
    __fpl_dcheck_NaN1                        0x00003481   Thumb Code    10  dcheck1.o(x$fpl$dcheck1)
    __fpl_dcmp_Inf                           0x00003491   Thumb Code    24  dcmpi.o(x$fpl$dcmpinf)
    __aeabi_ddiv                             0x000034a9   Thumb Code     0  ddiv.o(x$fpl$ddiv)
    _ddiv                                    0x000034a9   Thumb Code   552  ddiv.o(x$fpl$ddiv)
    __aeabi_d2iz                             0x00003759   Thumb Code     0  dfix.o(x$fpl$dfix)
    _dfix                                    0x00003759   Thumb Code    94  dfix.o(x$fpl$dfix)
    __aeabi_d2uiz                            0x000037b9   Thumb Code     0  dfixu.o(x$fpl$dfixu)
    _dfixu                                   0x000037b9   Thumb Code    90  dfixu.o(x$fpl$dfixu)
    __aeabi_i2d                              0x00003813   Thumb Code     0  dflt_clz.o(x$fpl$dflt)
    _dflt                                    0x00003813   Thumb Code    46  dflt_clz.o(x$fpl$dflt)
    __aeabi_ui2d                             0x00003841   Thumb Code     0  dflt_clz.o(x$fpl$dfltu)
    _dfltu                                   0x00003841   Thumb Code    38  dflt_clz.o(x$fpl$dfltu)
    __aeabi_cdcmple                          0x00003869   Thumb Code     0  dleqf.o(x$fpl$dleqf)
    _dcmple                                  0x00003869   Thumb Code   120  dleqf.o(x$fpl$dleqf)
    __fpl_dcmple_InfNaN                      0x000038cb   Thumb Code     0  dleqf.o(x$fpl$dleqf)
    __aeabi_dmul                             0x000038e1   Thumb Code     0  dmul.o(x$fpl$dmul)
    _dmul                                    0x000038e1   Thumb Code   332  dmul.o(x$fpl$dmul)
    __fpl_dnaninf                            0x00003a35   Thumb Code   156  dnaninf.o(x$fpl$dnaninf)
    __fpl_dretinf                            0x00003ad1   Thumb Code    12  dretinf.o(x$fpl$dretinf)
    __aeabi_cdrcmple                         0x00003add   Thumb Code     0  drleqf.o(x$fpl$drleqf)
    _drcmple                                 0x00003add   Thumb Code   108  drleqf.o(x$fpl$drleqf)
    __aeabi_drsub                            0x00003b49   Thumb Code     0  daddsub_clz.o(x$fpl$drsb)
    _drsb                                    0x00003b49   Thumb Code    22  daddsub_clz.o(x$fpl$drsb)
    _dsqrt                                   0x00003b61   Thumb Code   456  dsqrt_noumaal.o(x$fpl$dsqrt)
    __aeabi_dsub                             0x00003d2d   Thumb Code     0  daddsub_clz.o(x$fpl$dsub)
    _dsub                                    0x00003d2d   Thumb Code   464  daddsub_clz.o(x$fpl$dsub)
    __fpl_return_NaN                         0x00003f01   Thumb Code   100  retnan.o(x$fpl$retnan)
    __ARM_scalbn                             0x00003f65   Thumb Code    92  scalbn.o(x$fpl$scalbn)
    __fpl_cmpreturn                          0x00003fc1   Thumb Code    48  trapv.o(x$fpl$trapveneer)
    __I$use$fp                               0x00003ff0   Number         0  usenofp.o(x$fpl$usenofp)
    INIC_LCD                                 0x00004058   Data           4  lcd.o(.constdata)
    __mathlib_zero                           0x000040f8   Data           8  qnan.o(.constdata)
    Region$$Table$$Base                      0x00004100   Number         0  anon$$obj.o(Region$$Table)
    Region$$Table$$Limit                     0x00004120   Number         0  anon$$obj.o(Region$$Table)
    SystemCoreClock                          0x10000000   Data           4  system_lpc17xx.o(.data)
    _UART0TxEmpty                            0x10000004   Data           1  uart.o(.data)
    _UART1TxEmpty                            0x10000005   Data           1  uart.o(.data)
    _UART0Count                              0x10000008   Data           4  uart.o(.data)
    _UART1Count                              0x1000000c   Data           4  uart.o(.data)
    _UART0Status                             0x10000010   Data           4  uart.o(.data)
    _UART1Status                             0x10000014   Data           4  uart.o(.data)
    _respPoint                               0x10000018   Data           2  sim900.o(.data)
    numCelCliente                            0x1000001a   Data          13  application.o(.data)
    _devCount                                0x10000028   Data           1  rs485.o(.data)
    _indx                                    0x1000002a   Data           2  rs485.o(.data)
    _jndx                                    0x1000002c   Data           2  rs485.o(.data)
    _CRC16                                   0x1000002e   Data           2  rs485.o(.data)
    _NH3                                     0x10000030   Data           2  comandos_dados_sensor.o(.data)
    lcdintp                                  0x10000032   Data           1  lcd.o(.data)
    _UART0Buffer                             0x10000034   Data         512  uart.o(.bss)
    _UART1Buffer                             0x10000234   Data         512  uart.o(.bss)
    _cmdS                                    0x10000434   Data         250  application.o(.bss)
    _rtc                                     0x10000530   Data          16  application.o(.bss)
    _strCredito                              0x10000540   Data         250  application.o(.bss)
    _ipServer                                0x1000063a   Data          16  application.o(.bss)
    _devAdd                                  0x1000064a   Data          20  rs485.o(.bss)
    __libspace_start                         0x10000660   Data          96  libspace.o(.bss)
    __temporary_stack_top$libspace           0x100006c0   Data           0  libspace.o(.bss)



==============================================================================

Memory Map of the image

  Image Entry point : 0x00000179

  Load Region LR_1 (Base: 0x00000000, Size: 0x00004154, Max: 0xffffffff, ABSOLUTE)

    Execution Region ER_RO (Base: 0x00000000, Size: 0x00004120, Max: 0xffffffff, ABSOLUTE)

    Base Addr    Size         Type   Attr      Idx    E Section Name        Object

    0x00000000   0x000000cc   Data   RO            3    RESET               startup_lpc17xx.o
    0x000000cc   0x00000008   Code   RO          433  * !!!main             c_w.l(__main.o)
    0x000000d4   0x00000034   Code   RO          687    !!!scatter          c_w.l(__scatter.o)
    0x00000108   0x0000001a   Code   RO          689    !!handler_copy      c_w.l(__scatter_copy.o)
    0x00000122   0x00000002   PAD
    0x00000124   0x0000001c   Code   RO          691    !!handler_zi        c_w.l(__scatter_zi.o)
    0x00000140   0x00000000   Code   RO          424    .ARM.Collect$$_printf_percent$$00000000  c_w.l(_printf_percent.o)
    0x00000140   0x00000006   Code   RO          423    .ARM.Collect$$_printf_percent$$00000009  c_w.l(_printf_d.o)
    0x00000146   0x00000006   Code   RO          422    .ARM.Collect$$_printf_percent$$00000014  c_w.l(_printf_s.o)
    0x0000014c   0x00000004   Code   RO          486    .ARM.Collect$$_printf_percent$$00000017  c_w.l(_printf_percent_end.o)
    0x00000150   0x00000002   Code   RO          557    .ARM.Collect$$libinit$$00000000  c_w.l(libinit.o)
    0x00000152   0x00000000   Code   RO          571    .ARM.Collect$$libinit$$00000002  c_w.l(libinit2.o)
    0x00000152   0x00000000   Code   RO          574    .ARM.Collect$$libinit$$00000008  c_w.l(libinit2.o)
    0x00000152   0x00000000   Code   RO          576    .ARM.Collect$$libinit$$0000000A  c_w.l(libinit2.o)
    0x00000152   0x00000000   Code   RO          578    .ARM.Collect$$libinit$$0000000C  c_w.l(libinit2.o)
    0x00000152   0x00000000   Code   RO          581    .ARM.Collect$$libinit$$0000000F  c_w.l(libinit2.o)
    0x00000152   0x00000000   Code   RO          583    .ARM.Collect$$libinit$$00000011  c_w.l(libinit2.o)
    0x00000152   0x00000000   Code   RO          585    .ARM.Collect$$libinit$$00000013  c_w.l(libinit2.o)
    0x00000152   0x00000000   Code   RO          587    .ARM.Collect$$libinit$$00000015  c_w.l(libinit2.o)
    0x00000152   0x00000000   Code   RO          589    .ARM.Collect$$libinit$$00000017  c_w.l(libinit2.o)
    0x00000152   0x00000000   Code   RO          591    .ARM.Collect$$libinit$$00000019  c_w.l(libinit2.o)
    0x00000152   0x00000000   Code   RO          593    .ARM.Collect$$libinit$$0000001B  c_w.l(libinit2.o)
    0x00000152   0x00000000   Code   RO          595    .ARM.Collect$$libinit$$0000001D  c_w.l(libinit2.o)
    0x00000152   0x00000000   Code   RO          597    .ARM.Collect$$libinit$$0000001F  c_w.l(libinit2.o)
    0x00000152   0x00000000   Code   RO          599    .ARM.Collect$$libinit$$00000021  c_w.l(libinit2.o)
    0x00000152   0x00000000   Code   RO          601    .ARM.Collect$$libinit$$00000023  c_w.l(libinit2.o)
    0x00000152   0x00000000   Code   RO          605    .ARM.Collect$$libinit$$0000002A  c_w.l(libinit2.o)
    0x00000152   0x00000000   Code   RO          607    .ARM.Collect$$libinit$$0000002C  c_w.l(libinit2.o)
    0x00000152   0x00000000   Code   RO          609    .ARM.Collect$$libinit$$0000002E  c_w.l(libinit2.o)
    0x00000152   0x00000000   Code   RO          611    .ARM.Collect$$libinit$$00000030  c_w.l(libinit2.o)
    0x00000152   0x00000002   Code   RO          612    .ARM.Collect$$libinit$$00000031  c_w.l(libinit2.o)
    0x00000154   0x00000002   Code   RO          645    .ARM.Collect$$libshutdown$$00000000  c_w.l(libshutdown.o)
    0x00000156   0x00000000   Code   RO          672    .ARM.Collect$$libshutdown$$00000003  c_w.l(libshutdown2.o)
    0x00000156   0x00000000   Code   RO          675    .ARM.Collect$$libshutdown$$00000006  c_w.l(libshutdown2.o)
    0x00000156   0x00000000   Code   RO          678    .ARM.Collect$$libshutdown$$00000009  c_w.l(libshutdown2.o)
    0x00000156   0x00000000   Code   RO          680    .ARM.Collect$$libshutdown$$0000000B  c_w.l(libshutdown2.o)
    0x00000156   0x00000000   Code   RO          683    .ARM.Collect$$libshutdown$$0000000E  c_w.l(libshutdown2.o)
    0x00000156   0x00000002   Code   RO          684    .ARM.Collect$$libshutdown$$0000000F  c_w.l(libshutdown2.o)
    0x00000158   0x00000000   Code   RO          471    .ARM.Collect$$rtentry$$00000000  c_w.l(rtentry.o)
    0x00000158   0x00000000   Code   RO          512    .ARM.Collect$$rtentry$$00000002  c_w.l(rtentry2.o)
    0x00000158   0x00000006   Code   RO          524    .ARM.Collect$$rtentry$$00000004  c_w.l(rtentry4.o)
    0x0000015e   0x00000000   Code   RO          514    .ARM.Collect$$rtentry$$00000009  c_w.l(rtentry2.o)
    0x0000015e   0x00000004   Code   RO          515    .ARM.Collect$$rtentry$$0000000A  c_w.l(rtentry2.o)
    0x00000162   0x00000000   Code   RO          517    .ARM.Collect$$rtentry$$0000000C  c_w.l(rtentry2.o)
    0x00000162   0x00000008   Code   RO          518    .ARM.Collect$$rtentry$$0000000D  c_w.l(rtentry2.o)
    0x0000016a   0x00000002   Code   RO          562    .ARM.Collect$$rtexit$$00000000  c_w.l(rtexit.o)
    0x0000016c   0x00000000   Code   RO          618    .ARM.Collect$$rtexit$$00000002  c_w.l(rtexit2.o)
    0x0000016c   0x00000004   Code   RO          619    .ARM.Collect$$rtexit$$00000003  c_w.l(rtexit2.o)
    0x00000170   0x00000006   Code   RO          620    .ARM.Collect$$rtexit$$00000004  c_w.l(rtexit2.o)
    0x00000176   0x00000002   PAD
    0x00000178   0x00000040   Code   RO            5  * .text               startup_lpc17xx.o
    0x000001b8   0x00000064   Code   RO          132    .text               gpio.o
    0x0000021c   0x00000034   Code   RO          195    .text               wdt.o
    0x00000250   0x0000009c   Code   RO          334    .text               comandos_dados_sensor.o
    0x000002ec   0x00000006   Code   RO          431    .text               c_w.l(heapauxi.o)
    0x000002f2   0x0000000a   Code   RO          482    .text               c_w.l(_sputc.o)
    0x000002fc   0x00000004   Code   RO            4    .ARM.__at_0x02FC    startup_lpc17xx.o
    0x00000300   0x000001d4   Code   RO           15    .text               system_lpc17xx.o
    0x000004d4   0x000007d8   Code   RO           58    .text               main.o
    0x00000cac   0x000002d8   Code   RO          158    .text               uart.o
    0x00000f84   0x0000019c   Code   RO          215    .text               timer.o
    0x00001120   0x000003e8   Code   RO          243    .text               sim900.o
    0x00001508   0x000008a4   Code   RO          272    .text               application.o
    0x00001dac   0x00000200   Code   RO          306    .text               rs485.o
    0x00001fac   0x00000284   Code   RO          360    .text               lcd.o
    0x00002230   0x000000ee   Code   RO          388    .text               c_w.l(lludivv7m.o)
    0x0000231e   0x00000002   PAD
    0x00002320   0x00000028   Code   RO          392    .text               c_w.l(noretval__2sprintf.o)
    0x00002348   0x00000052   Code   RO          396    .text               c_w.l(_printf_pad.o)
    0x0000239a   0x00000052   Code   RO          398    .text               c_w.l(_printf_str.o)
    0x000023ec   0x00000078   Code   RO          400    .text               c_w.l(_printf_dec.o)
    0x00002464   0x0000013c   Code   RO          414    .text               c_w.l(__printf_flags_wp.o)
    0x000025a0   0x0000003e   Code   RO          425    .text               c_w.l(strlen.o)
    0x000025de   0x00000044   Code   RO          427    .text               c_w.l(rt_memclr.o)
    0x00002622   0x0000004e   Code   RO          429    .text               c_w.l(rt_memclr_w.o)
    0x00002670   0x00000016   Code   RO          476    .text               c_w.l(_rserrno.o)
    0x00002686   0x000000b8   Code   RO          478    .text               c_w.l(_printf_intcommon.o)
    0x0000273e   0x00000002   PAD
    0x00002740   0x00000030   Code   RO          480    .text               c_w.l(_printf_char_common.o)
    0x00002770   0x0000002c   Code   RO          484    .text               c_w.l(_printf_char.o)
    0x0000279c   0x00000008   Code   RO          531    .text               c_w.l(rt_errno_addr_intlibspace.o)
    0x000027a4   0x00000008   Code   RO          541    .text               c_w.l(libspace.o)
    0x000027ac   0x0000004a   Code   RO          544    .text               c_w.l(sys_stackheap_outer.o)
    0x000027f6   0x0000000c   Code   RO          546    .text               c_w.l(exit.o)
    0x00002802   0x00000002   PAD
    0x00002804   0x0000000c   Code   RO          615    .text               c_w.l(sys_exit.o)
    0x00002810   0x00000002   Code   RO          634    .text               c_w.l(use_no_semi.o)
    0x00002812   0x00000000   Code   RO          636    .text               c_w.l(indicate_semi.o)
    0x00002812   0x00000028   Code   RO          498    i.__ARM_fpclassify  m_ws.l(fpclassify.o)
    0x0000283a   0x000000aa   Code   RO          500    i.__kernel_poly     m_ws.l(poly.o)
    0x000028e4   0x00000010   Code   RO          496    i.__mathlib_dbl_underflow  m_ws.l(dunder.o)
    0x000028f4   0x0000000e   Code   RO          412    i._is_digit         c_w.l(__printf_wp.o)
    0x00002902   0x00000002   PAD
    0x00002904   0x000009e0   Code   RO          462    i.pow               m_ws.l(pow.o)
    0x000032e4   0x0000004c   Code   RO          504    i.sqrt              m_ws.l(sqrt.o)
    0x00003330   0x00000150   Code   RO          435    x$fpl$dadd          fz_ws.l(daddsub_clz.o)
    0x00003480   0x00000010   Code   RO          535    x$fpl$dcheck1       fz_ws.l(dcheck1.o)
    0x00003490   0x00000018   Code   RO          558    x$fpl$dcmpinf       fz_ws.l(dcmpi.o)
    0x000034a8   0x000002b0   Code   RO          442    x$fpl$ddiv          fz_ws.l(ddiv.o)
    0x00003758   0x0000005e   Code   RO          445    x$fpl$dfix          fz_ws.l(dfix.o)
    0x000037b6   0x00000002   PAD
    0x000037b8   0x0000005a   Code   RO          449    x$fpl$dfixu         fz_ws.l(dfixu.o)
    0x00003812   0x0000002e   Code   RO          454    x$fpl$dflt          fz_ws.l(dflt_clz.o)
    0x00003840   0x00000026   Code   RO          453    x$fpl$dfltu         fz_ws.l(dflt_clz.o)
    0x00003866   0x00000002   PAD
    0x00003868   0x00000078   Code   RO          537    x$fpl$dleqf         fz_ws.l(dleqf.o)
    0x000038e0   0x00000154   Code   RO          459    x$fpl$dmul          fz_ws.l(dmul.o)
    0x00003a34   0x0000009c   Code   RO          487    x$fpl$dnaninf       fz_ws.l(dnaninf.o)
    0x00003ad0   0x0000000c   Code   RO          489    x$fpl$dretinf       fz_ws.l(dretinf.o)
    0x00003adc   0x0000006c   Code   RO          491    x$fpl$drleqf        fz_ws.l(drleqf.o)
    0x00003b48   0x00000016   Code   RO          436    x$fpl$drsb          fz_ws.l(daddsub_clz.o)
    0x00003b5e   0x00000002   PAD
    0x00003b60   0x000001cc   Code   RO          539    x$fpl$dsqrt         fz_ws.l(dsqrt_noumaal.o)
    0x00003d2c   0x000001d4   Code   RO          437    x$fpl$dsub          fz_ws.l(daddsub_clz.o)
    0x00003f00   0x00000064   Code   RO          560    x$fpl$retnan        fz_ws.l(retnan.o)
    0x00003f64   0x0000005c   Code   RO          493    x$fpl$scalbn        fz_ws.l(scalbn.o)
    0x00003fc0   0x00000030   Code   RO          613    x$fpl$trapveneer    fz_ws.l(trapv.o)
    0x00003ff0   0x00000000   Code   RO          495    x$fpl$usenofp       fz_ws.l(usenofp.o)
    0x00003ff0   0x00000054   Data   RO           59    .constdata          main.o
    0x00004044   0x00000014   Data   RO          133    .constdata          gpio.o
    0x00004058   0x00000004   Data   RO          361    .constdata          lcd.o
    0x0000405c   0x00000011   Data   RO          415    .constdata          c_w.l(__printf_flags_wp.o)
    0x0000406d   0x00000003   PAD
    0x00004070   0x00000088   Data   RO          463    .constdata          m_ws.l(pow.o)
    0x000040f8   0x00000008   Data   RO          502    .constdata          m_ws.l(qnan.o)
    0x00004100   0x00000020   Data   RO          685    Region$$Table       anon$$obj.o


    Execution Region ER_RW (Base: 0x10000000, Size: 0x00000034, Max: 0xffffffff, ABSOLUTE)

    Base Addr    Size         Type   Attr      Idx    E Section Name        Object

    0x10000000   0x00000004   Data   RW           16    .data               system_lpc17xx.o
    0x10000004   0x00000014   Data   RW          160    .data               uart.o
    0x10000018   0x00000002   Data   RW          244    .data               sim900.o
    0x1000001a   0x0000000d   Data   RW          275    .data               application.o
    0x10000027   0x00000001   PAD
    0x10000028   0x00000008   Data   RW          308    .data               rs485.o
    0x10000030   0x00000002   Data   RW          335    .data               comandos_dados_sensor.o
    0x10000032   0x00000001   Data   RW          362    .data               lcd.o


    Execution Region ER_ZI (Base: 0x10000034, Size: 0x00000a8c, Max: 0xffffffff, ABSOLUTE)

    Base Addr    Size         Type   Attr      Idx    E Section Name        Object

    0x10000034   0x00000400   Zero   RW          159    .bss                uart.o
    0x10000434   0x00000216   Zero   RW          273    .bss                application.o
    0x1000064a   0x00000014   Zero   RW          307    .bss                rs485.o
    0x1000065e   0x00000002   PAD
    0x10000660   0x00000060   Zero   RW          542    .bss                c_w.l(libspace.o)
    0x100006c0   0x00000200   Zero   RW            2    HEAP                startup_lpc17xx.o
    0x100008c0   0x00000200   Zero   RW            1    STACK               startup_lpc17xx.o


==============================================================================

Image component sizes


      Code (inc. data)   RO Data    RW Data    ZI Data      Debug   Object Name

      2212        602          0         13        534       6082   application.o
       156         14          0          2          0        941   comandos_dados_sensor.o
       100         10         20          0          0       1603   gpio.o
       644         16          4          1          0       2550   lcd.o
      2008        792         84          0          0      41986   main.o
       512         26          0          8         20       2828   rs485.o
      1000        198          0          2          0       2827   sim900.o
        68         30        204          0       1024        960   startup_lpc17xx.o
       468         32          0          4          0       5209   system_lpc17xx.o
       412         26          0          0          0      25679   timer.o
       728         34          0         20       1024      43857   uart.o
        52          6          0          0          0        570   wdt.o

    ----------------------------------------------------------------------
      8360       1786        344         52       2604     135092   Object Totals
         0          0         32          0          0          0   (incl. Generated)
         0          0          0          2          2          0   (incl. Padding)

    ----------------------------------------------------------------------

      Code (inc. data)   RO Data    RW Data    ZI Data      Debug   Library Member Name

         8          0          0          0          0         68   __main.o
       316          6         17          0          0         92   __printf_flags_wp.o
        14          0          0          0          0         68   __printf_wp.o
        52          8          0          0          0          0   __scatter.o
        26          0          0          0          0          0   __scatter_copy.o
        28          0          0          0          0          0   __scatter_zi.o
        44          0          0          0          0        108   _printf_char.o
        48          6          0          0          0         96   _printf_char_common.o
         6          0          0          0          0          0   _printf_d.o
       120         18          0          0          0         92   _printf_dec.o
       184          0          0          0          0         88   _printf_intcommon.o
        82          0          0          0          0        108   _printf_pad.o
         0          0          0          0          0          0   _printf_percent.o
         4          0          0          0          0          0   _printf_percent_end.o
         6          0          0          0          0          0   _printf_s.o
        82          0          0          0          0         80   _printf_str.o
        22          0          0          0          0        100   _rserrno.o
        10          0          0          0          0         68   _sputc.o
        12          0          0          0          0         72   exit.o
         6          0          0          0          0        152   heapauxi.o
         0          0          0          0          0          0   indicate_semi.o
         2          0          0          0          0          0   libinit.o
         2          0          0          0          0          0   libinit2.o
         2          0          0          0          0          0   libshutdown.o
         2          0          0          0          0          0   libshutdown2.o
         8          4          0          0         96         68   libspace.o
       238          0          0          0          0        100   lludivv7m.o
        40          6          0          0          0         84   noretval__2sprintf.o
         8          4          0          0          0         68   rt_errno_addr_intlibspace.o
        68          0          0          0          0         68   rt_memclr.o
        78          0          0          0          0         80   rt_memclr_w.o
         0          0          0          0          0          0   rtentry.o
        12          0          0          0          0          0   rtentry2.o
         6          0          0          0          0          0   rtentry4.o
         2          0          0          0          0          0   rtexit.o
        10          0          0          0          0          0   rtexit2.o
        62          0          0          0          0         76   strlen.o
        12          4          0          0          0         68   sys_exit.o
        74          0          0          0          0         80   sys_stackheap_outer.o
         2          0          0          0          0         68   use_no_semi.o
       826         16          0          0          0        348   daddsub_clz.o
        16          4          0          0          0         68   dcheck1.o
        24          0          0          0          0         68   dcmpi.o
       688        140          0          0          0        208   ddiv.o
        94          4          0          0          0         92   dfix.o
        90          4          0          0          0         92   dfixu.o
        84          0          0          0          0        136   dflt_clz.o
       120          4          0          0          0         92   dleqf.o
       340         12          0          0          0        104   dmul.o
       156          4          0          0          0         92   dnaninf.o
        12          0          0          0          0         68   dretinf.o
       108          0          0          0          0         80   drleqf.o
       460         56          0          0          0        120   dsqrt_noumaal.o
       100          0          0          0          0         68   retnan.o
        92          0          0          0          0         68   scalbn.o
        48          0          0          0          0         68   trapv.o
         0          0          0          0          0          0   usenofp.o
        16          6          0          0          0         68   dunder.o
        40          0          0          0          0         68   fpclassify.o
       170          0          0          0          0         96   poly.o
      2528        190        136          0          0        332   pow.o
         0          0          8          0          0          0   qnan.o
        76          0          0          0          0         84   sqrt.o

    ----------------------------------------------------------------------
      7804        496        164          0         96       4372   Library Totals
        18          0          3          0          0          0   (incl. Padding)

    ----------------------------------------------------------------------

      Code (inc. data)   RO Data    RW Data    ZI Data      Debug   Library Name

      1698         56         17          0         96       1952   c_w.l
      3258        244          0          0          0       1772   fz_ws.l
      2830        196        144          0          0        648   m_ws.l

    ----------------------------------------------------------------------
      7804        496        164          0         96       4372   Library Totals

    ----------------------------------------------------------------------

==============================================================================


      Code (inc. data)   RO Data    RW Data    ZI Data      Debug   

     16164       2282        508         52       2700     136292   Grand Totals
     16164       2282        508         52       2700     136292   ELF Image Totals
     16164       2282        508         52          0          0   ROM Totals

==============================================================================

    Total RO  Size (Code + RO Data)                16672 (  16.28kB)
    Total RW  Size (RW Data + ZI Data)              2752 (   2.69kB)
    Total ROM Size (Code + RO Data + RW Data)      16724 (  16.33kB)

==============================================================================

