<html>
<body>
<pre>
<h1>µVision Build Log</h1>
<h2>Project:</h2>
D:\ARM\Altem\Telemetria_LPC1751\Telemetria_GSM_LPC1751.uvproj
Project File Date:  02/21/2014

<h2>Output:</h2>
Rebuild target 'TelemetriaGSM_LPC1751'
assembling startup_LPC17xx.s...
compiling system_LPC17xx.c...
compiling main.c...
compiling gpio.c...
compiling lcd.c...
compiling uart.c...
compiling wdt.c...
compiling timer.c...
compiling sim900.c...
compiling application.c...
compiling rs485.c...
compiling comandos_balanca.c...
linking...
Program Size: Code=15556 RO-data=1076 RW-data=44 ZI-data=2708  
".\Telemetria_GSM_LPC1751.axf" - 0 Error(s), 0 Warning(s).
Load "D:\\ARM\\Altem\\Telemetria_LPC1751\\Telemetria_GSM_LPC1751.axf" 
Erase Done.
Programming Done.
Verify OK.
</pre>
</body>
</html>
